Program(1 statements) {
	TypeDeclStmt(CompassHeading) {
		Type: {
			ConstrainedType {
				Name: CompassHeading
				Type: int
				Constraints: {
				RangeConstraint {
					Start: {
					MathConstraintLiteralExpr { 
						Value: 0
						Type: {
						int
						}
					}
					}
					Comparator: <
					End: {
					MathConstraintLiteralExpr { 
						Value: 360
						Type: {
						int
						}
					}
					}
				}
				StepConstraint(step(15))
					Value: {
					MathConstraintLiteralExpr { 
						Value: 15
						Type: {
						int
						}
					}
					}
				}
			}
		}
	}
}
