Program(1 statements) {
  VarDeclStmt(evens) {
    Keyword: let
    Value: {
      ArrayCompExpr {
        Generators: {
          Generator {
            Value: {
              RangeExpr {
                Start: {
                  IntegerLiteralExpr(1, Base: 10)
                }
                EndOperator: =
                End: {
                  IntegerLiteralExpr(5, Base: 10)
                }
              }
            }
            Identifier: x
          }
        }
        Guards: {
          Guard: {
            BooleanBinaryOpExpr {
              Left: {
                IdentifierExpr(x, IsConst: false)
              }
              Operator: ==
              Right: {
                IntegerLiteralExpr(0, Base: 10)
              }
            }
          }
        }
        Result: {
          MathBinaryOpExpr(math_binary_op_expr) {
            Left: {
              IdentifierExpr(x, IsConst: false)
            }
            Operator: *
            Right: {
              IdentifierExpr(x, IsConst: false)
            }
          }
        }
      }
    }
  }
}