Program(1 statements) {
  VarDeclStmt(foo) {
    Keyword: let
    Value: {
      ArrayCompExpr {
        Generators: {
          Generator {
            Value: {
              ArrayLiteralExpr(array_literal_expr) {
                  IntegerLiteralExpr(1, Base: 10)
                  IntegerLiteralExpr(2, Base: 10)
                  IntegerLiteralExpr(3, Base: 10)
              }
            }
            Identifier: x
          }
        }
        Guards: {
        }
        Result: {
          MathBinaryOpExpr(math_binary_op_expr) {
            Left: {
              IdentifierExpr(x, IsConst: false)
            }
            Operator: *
            Right: {
              IdentifierExpr(x, IsConst: false)
            }
          }
        }
      }
    }
  }
}