Program(1 statements) {
	Statements: {
		VarDeclStmt(evens) {
			BindingKind: let
			Name: evens
			Value: {
				ArrayLiteralExpr {
					Elements: {
						RangeExpr {
							End: {
								IdentifierExpr(x) {
									Name: x
								}
							}
							EndOperator: =
							Start: {
								IntegerLiteralExpr {
									Base: 10
									Value: 1
								}
							}
						}
						BooleanBinaryOpExpr {
							Left: {
								IdentifierExpr(x) {
									Name: x
								}
							}
							Operator: ==
							Right: {
								IntegerLiteralExpr {
									Base: 10
								}
							}
						}
						MathBinaryOpExpr {
							Left: {
								IdentifierExpr(x) {
									Name: x
								}
							}
							Operator: *
							Right: {
								IdentifierExpr(x) {
									Name: x
								}
							}
						}
					}
				}
			}
		}
	}
}
