Program(1 statements) {
	Statements: {
		VarDeclStmt(foo) {
			BindingKind: let
			Name: foo
			Value: {
				ArrayLiteralExpr {
					Elements: {
						RangeExpr {
							End: {
								IdentifierExpr(x) {
									Name: x
								}
							}
							EndOperator: =
							Start: {
								IntegerLiteralExpr {
									Base: 10
									Value: 1
								}
							}
						}
						RangeExpr {
							End: {
								IdentifierExpr(y) {
									Name: y
								}
							}
							EndOperator: =
							Start: {
								IntegerLiteralExpr {
									Base: 10
									Value: 1
								}
							}
						}
						FunctionCallExpr {
							Arguments: {
								ArgumentList {
									Arguments: {
										IdentifierExpr(x) {
											Name: x
										}
									}
								}
							}
							Function: {
								IdentifierExpr(odd) {
									Name: odd
								}
							}
						}
						FunctionCallExpr {
							Arguments: {
								ArgumentList {
									Arguments: {
										IdentifierExpr(y) {
											Name: y
										}
									}
								}
							}
							Function: {
								IdentifierExpr(even) {
									Name: even
								}
							}
						}
						IdentifierExpr(x) {
							Name: x
						}
						IdentifierExpr(y) {
							Name: y
						}
						MathBinaryOpExpr {
							Left: {
								IdentifierExpr(x) {
									Name: x
								}
							}
							Operator: *
							Right: {
								IdentifierExpr(y) {
									Name: y
								}
							}
						}
						nil
					}
				}
			}
		}
	}
}
