Program(1 statements) {
	Statements: {
		{
			VarDeclStmt(evens) {
				Keyword: let
				Name: evens
				Value: {
					ArrayCompExpr {
						Generators: {
							{
								Generator {
									Identifier: x
									Value: {
										RangeExpr {
											End: {
												IntegerLiteralExpr {
													Base: 10
													Value: 5
												}
											}
											EndOperator: =
											Start: {
												IntegerLiteralExpr {
													Base: 10
													Value: 1
												}
											}
										}
									}
								}
							}
						}
						Guards: {
							{
								BooleanBinaryOpExpr {
									Left: {
										IdentifierExpr(x) {
											Name: x
										}
									}
									Operator: ==
									Right: {
										IntegerLiteralExpr {
											Base: 10
										}
									}
								}
							}
						}
						Result: {
							MathBinaryOpExpr {
								Left: {
									IdentifierExpr(x) {
										Name: x
									}
								}
								Operator: *
								Right: {
									IdentifierExpr(x) {
										Name: x
									}
								}
							}
						}
					}
				}
			}
		}
	}
}
