Program(1 statements) {
	Statements: {
		VarDeclStmt(arr) {
			BindingKind: let
			Name: arr
			Value: {
				ArrayRepeatExpr {
					Count: {
						IdentifierExpr(SIZE) {
							IsConst: true
							Name: SIZE
						}
					}
					Value: {
						IntegerLiteralExpr {
							Base: 10
							Value: 0
						}
					}
				}
			}
		}
	}
}
