Program(1 statements) {
	Statements: {
		{
			VarDeclStmt(squares) {
				BindingKind: let
				Name: squares
				Value: {
					ArrayCompExpr {
						Generators: {
							{
								Generator {
									Identifier: x
									Value: {
										RangeExpr {
											End: {
												IntegerLiteralExpr {
													Base: 10
													Value: 5
												}
											}
											EndOperator: =
											Start: {
												IntegerLiteralExpr {
													Base: 10
													Value: 1
												}
											}
										}
									}
								}
							}
						}
						Guards: {
							{
							}
						}
						Result: {
							MathBinaryOpExpr {
								Left: {
									IdentifierExpr(x) {
										Name: x
									}
								}
								Operator: *
								Right: {
									IdentifierExpr(x) {
										Name: x
									}
								}
							}
						}
					}
				}
			}
		}
	}
}
