Program(1 statements) {
	Statements: {
		VarDeclStmt(arr) {
			BindingKind: let
			Name: arr
			Value: {
				ArrayRepeatExpr {
					Count: {
						IntegerLiteralExpr {
							Base: 10
							Value: 100
						}
					}
					Value: {
						StructInstanceExpr(Vec3) {
							Fields: {
								StructField(x) {
									Name: x
									Value: {
										IntegerLiteralExpr {
											Base: 10
											Value: 0
										}
									}
								}
								StructField(y) {
									Name: y
									Value: {
										IntegerLiteralExpr {
											Base: 10
											Value: 0
										}
									}
								}
								StructField(z) {
									Name: z
									Value: {
										IntegerLiteralExpr {
											Base: 10
											Value: 0
										}
									}
								}
							}
							Name: Vec3
						}
					}
				}
			}
		}
	}
}
