Program(1 statements) {
	Statements: {
		VarDeclStmt(arr) {
			BindingKind: let
			Name: arr
			Value: {
				ArrayLiteralExpr {
					Elements: {
						IntegerLiteralExpr {
							Base: 10
							Value: 1
						}
						MathBinaryOpExpr {
							Left: {
								IntegerLiteralExpr {
									Base: 10
									Value: 2
								}
							}
							Operator: *
							Right: {
								IdentifierExpr(PI) {
									IsConst: true
									Name: PI
								}
							}
						}
						IntegerLiteralExpr {
							Base: 10
							Value: 3
						}
					}
				}
			}
		}
	}
}
