Program(1 statements) {
	Statements: {
		TypeDeclStmt(ColorName) {
			IsPublic: true
			Name: ColorName
			Type: {
				DataType(ColorName) {
					Allocation: stack
					Constructors: {
						DataTypeConstructor(Red) {
							Name: Red
						}
						DataTypeConstructor(Green) {
							Name: Green
						}
						DataTypeConstructor(Blue) {
							Name: Blue
						}
					}
					Name: ColorName
				}
			}
		}
	}
}
