Program(1 statements) {
	Statements: {
		TypeDeclStmt(Point) {
			IsPublic: true
			Name: Point
			Type: {
				NamedStructType(Point) {
					Fields: {
						StructField(x) {
							Name: x
							Type: {
								PrimitiveType(i64) {
									Name: i64
								}
							}
						}
						StructField(y) {
							DefaultValue: {
								IntegerLiteralExpr {
									Base: 10
									Value: 0
								}
							}
							Name: y
							Type: {
								PrimitiveType(i64) {
									Name: i64
								}
							}
						}
					}
					Name: Point
				}
			}
		}
	}
}
