Program(1 statements) {
	Statements: {
		ExpressionStmt {
			Expression: {
				MatchExpr {
					MatchArms: {
						MatchArm {
							Body: {
								FunctionCallExpr {
									Arguments: {
										IdentifierExpr(all) {
											Name: all
										}
									}
									Function: {
										IdentifierExpr(print) {
											Name: print
										}
									}
								}
							}
							Pattern: {
								BindingPattern(all) {
									Name: all
									Pattern: {
										ArrayPattern {
											Elements: {
												IdentifierPattern(head) {
													Name: head
												}
												RestPattern {
													Identifier: tail
												}
											}
										}
									}
								}
							}
						}
						MatchArm {
							Body: {
								FunctionCallExpr {
									Arguments: {
										StringLiteralExpr {
											Value: no match
										}
									}
									Function: {
										IdentifierExpr(print) {
											Name: print
										}
									}
								}
							}
							Pattern: {
								WildcardPattern {
								}
							}
						}
					}
					Scrutinee: {
						IdentifierExpr(xs) {
							Name: xs
						}
					}
				}
			}
		}
	}
}
