Program(1 statements) {
	ExpressionStmt() {
		MatchExpr {
			Value: {
				IdentifierExpr(some_complex_struct, IsConst: false)
			}
			MatchArms: {
				MatchArm {
					StructPattern {
						StructPatternField {
							name: foo
							pattern: {
								ArrayPattern {
									IdentifierPattern(a),
									IdentifierPattern(b),
									RestPattern(rest),
								}
							}
						},
					}
					Body: {
						FunctionCallExpr {
							Function: {
								IdentifierExpr(print, IsConst: false)
							}
							Arguments: {
								ArgumentList(StringLiteralExpr(An array with three elements)) {
									StringLiteralExpr(An array with three elements)
								}
							}
						}
					}
				}
				MatchArm {
					StructPattern {
						StructPatternField {
							name: bar
							pattern: {
								TuplePattern {
									IdentifierPattern(c),
									DataPattern {
										name: Some
										pattern: {
											IdentifierPattern(d)
										}
									},
								}
							}
						},
					}
					Body: {
						FunctionCallExpr {
							Function: {
								IdentifierExpr(print, IsConst: false)
							}
							Arguments: {
								ArgumentList(StringLiteralExpr(A tuple with two elements)) {
									StringLiteralExpr(A tuple with two elements)
								}
							}
						}
					}
				}
				MatchArm {
					StructPattern {
						StructPatternField {
							name: baz
							pattern: {
								StructPattern {
									StructPatternField {
										name: e
										pattern: nil
									},
									StructPatternField {
										name: f
										pattern: nil
									},
									StructPatternField {
										name: ...
										pattern: {
											RestPattern(rest)
										}
									},
								}
							}
						},
					}
					Body: {
						FunctionCallExpr {
							Function: {
								IdentifierExpr(print, IsConst: false)
							}
							Arguments: {
								ArgumentList(StringLiteralExpr(A struct with three elements)) {
									StringLiteralExpr(A struct with three elements)
								}
							}
						}
					}
				}
				MatchArm {
					WildcardPattern
					Body: {
						FunctionCallExpr {
							Function: {
								IdentifierExpr(print, IsConst: false)
							}
							Arguments: {
								ArgumentList(StringLiteralExpr(No match)) {
									StringLiteralExpr(No match)
								}
							}
						}
					}
				}
			}
		}
	}
}
