Program(1 statements) {
	Statements: {
		DestructuringDeclStmt {
			Keyword: let
			Pattern: {
				StructPattern {
					Fields: {
						StructPatternField(foo) {
							Name: foo
							Pattern: {
								ArrayPattern {
									Elements: {
										IdentifierPattern(a) {
											Name: a
										}
										IdentifierPattern(b) {
											Name: b
										}
										RestPattern {
											Identifier: rest
										}
									}
								}
							}
						}
						StructPatternField(bar) {
							Name: bar
							Pattern: {
								TuplePattern {
									Elements: {
										IdentifierPattern(c) {
											Name: c
										}
										DataPattern(Some) {
											Name: Some
											Pattern: {
												IdentifierPattern(d) {
													Name: d
												}
											}
										}
									}
								}
							}
						}
						StructPatternField(baz) {
							Name: baz
							Pattern: {
								StructPattern {
									Fields: {
										StructPatternField(e) {
											Name: e
										}
										StructPatternField(f) {
											Name: f
										}
										StructPatternField(...) {
											Name: ...
											Pattern: {
												RestPattern {
													Identifier: rest
												}
											}
										}
									}
								}
							}
						}
					}
				}
			}
			Value: {
				IdentifierExpr(some_complex_struct) {
					Name: some_complex_struct
				}
			}
		}
	}
}
