Program(1 statements) {
	Statements: {
		{
			TypeDeclStmt(Color) {
				Name: Color
				Type: {
					ConstrainedType(Color) {
						Constraints: {
							{
								LiteralUnionConstraint {
									Values: {
										{
											StringLiteralExpr {
												Value: red
											}
											StringLiteralExpr {
												Value: green
											}
											StringLiteralExpr {
												Value: blue
											}
										}
									}
								}
							}
						}
						Name: Color
						Type: {
							PrimitiveType(string) {
								Name: string
							}
						}
					}
				}
			}
		}
	}
}
