Program(1 statements) {
	Statements: {
		TypeDeclStmt(Maybe) {
			GenericParams: {
				GenericParam(t) {
					Name: t
				}
			}
			IsPublic: true
			Name: Maybe
			Type: {
				DataType(Maybe) {
					Constructors: {
						DataTypeConstructor(Nil) {
							Name: Nil
						}
						DataTypeConstructor(Some) {
							Name: Some
							Params: {
								GenericType(t) {
									Name: t
								}
							}
						}
					}
					Name: Maybe
				}
			}
		}
	}
}
