Program(1 statements) {
	Statements: {
		TypeDeclStmt(Tree) {
			GenericParams: {
				t
			}
			Name: Tree
			Type: {
				DataType(Tree) {
					Constructors: {
						DataTypeConstructor(Nil) {
							Name: Nil
						}
						DataTypeConstructor(Leaf) {
							Name: Leaf
							Params: {
								GenericType(t) {
									Name: t
								}
							}
						}
						DataTypeConstructor(Node) {
							Name: Node
							Params: {
								AnonymousStructType {
									Fields: {
										StructField(left) {
											Name: left
											Type: {
												UnresolvedType(Tree) {
													Name: Tree
												}
											}
										}
										StructField(value) {
											Name: value
											Type: {
												GenericType(t) {
													Name: t
												}
											}
										}
										StructField(right) {
											Name: right
											Type: {
												UnresolvedType(Tree) {
													Name: Tree
												}
											}
										}
									}
								}
							}
						}
					}
					Name: Tree
				}
			}
		}
	}
}
