Program(1 statements) {
	Statements: {
		TypeDeclStmt(Color) {
			Derives: {
				Eq
				Show
			}
			Name: Color
			Type: {
				DataType(Color) {
					Constructors: {
						DataTypeConstructor(Red) {
							Name: Red
						}
						DataTypeConstructor(Green) {
							Name: Green
						}
						DataTypeConstructor(Blue) {
							Name: Blue
						}
					}
					Name: Color
				}
			}
		}
	}
}
