Program(1 statements) {
	Statements: {
		{
			TypeDeclStmt(Maybe) {
				GenericParams: {
					{
						t
					}
				}
				IsPublic: true
				Name: Maybe
				Type: {
					DataType(Maybe) {
						Allocation: heap
						Constructors: {
							{
								DataTypeConstructor(Nil) {
									Name: Nil
									Params: {
										{
										}
									}
								}
								DataTypeConstructor(Some) {
									Name: Some
									Params: {
										{
											GenericType(t) {
												Name: t
											}
										}
									}
								}
							}
						}
						Name: Maybe
					}
				}
			}
		}
	}
}
