Program(1 statements) {
	TypeDeclStmt(Tree) {
		GenericParams: [t]
		Type: {
			DataType(Tree) {
				DataTypeConstructor(Nil)
				DataTypeConstructor(Leaf) {
					Params: (
						GenericType(t)
					)
				}
				DataTypeConstructor(Node) {
					Fields: {
						left: Tree
						value: t
						right: Tree
					}
				}
			}
		}
	}
}
