Program(1 statements) {
	Statements: {
		TypeDeclStmt(Result) {
			CanonicalKind: Result
			GenericParams: {
				GenericParam(ok) {
					Constraints: {
						Default
					}
					Name: ok
				}
				GenericParam(err) {
					Constraints: {
						Display
					}
					Name: err
				}
			}
			Name: Result
			Type: {
				DataType(Result) {
					Constructors: {
						DataTypeConstructor(Ok) {
							Name: Ok
							Params: {
								GenericType(ok) {
									Name: ok
								}
							}
						}
						DataTypeConstructor(Err) {
							Name: Err
							Params: {
								GenericType(err) {
									Name: err
								}
							}
						}
					}
					Name: Result
				}
			}
		}
	}
}
