Program(1 statements) {
	Statements: {
		DestructuringDeclStmt {
			Keyword: let
			Pattern: {
				DataPattern(Some) {
					Name: Some
					Pattern: {
						StructPattern {
							Fields: {
								StructPatternField(x) {
									Name: x
								}
								StructPatternField(y) {
									Name: y
								}
								StructPatternField(z) {
									Name: z
								}
							}
						}
					}
				}
			}
			Value: {
				IdentifierExpr(some_data) {
					Name: some_data
				}
			}
		}
	}
}
