Program(1 statements) {
	Statements: {
		DestructuringDeclStmt {
			Keyword: let
			Pattern: {
				StructPattern {
					Fields: {
						StructPatternField(a) {
							Name: a
							Pattern: {
								ArrayPattern {
									Elements: {
										IdentifierPattern(x) {
											Name: x
										}
										IdentifierPattern(y) {
											Name: y
										}
										IdentifierPattern(z) {
											Name: z
										}
									}
								}
							}
						}
						StructPatternField(b) {
							Name: b
							Pattern: {
								TuplePattern {
									Elements: {
										IdentifierPattern(a) {
											Name: a
										}
										IdentifierPattern(b) {
											Name: b
										}
									}
								}
							}
						}
						StructPatternField(c) {
							Name: c
							Pattern: {
								StructPattern {
									Fields: {
										StructPatternField(d) {
											Name: d
										}
										StructPatternField(e) {
											Name: e
										}
										StructPatternField(f) {
											Name: f
										}
									}
								}
							}
						}
					}
				}
			}
			Value: {
				IdentifierExpr(some_struct) {
					Name: some_struct
				}
			}
		}
	}
}
