Program(1 statements) {
	Statements: {
		{
			DestructuringDeclStmt {
				Keyword: let
				Pattern: {
					DataPattern(Some) {
						Name: Some
						Pattern: {
							IdentifierPattern(x) {
								Name: x
							}
						}
					}
				}
				Value: {
					IdentifierExpr(some_data) {
						Name: some_data
					}
				}
			}
		}
	}
}
