Program(1 statements) {
	DestructuringStatement {
		Keyword: let
		StructPattern {
			StructPatternField {
				name: a
				pattern: nil
			},
			StructPatternField {
				name: b
				pattern: nil
			},
			StructPatternField {
				name: c
				pattern: nil
			},
		}
		Value: {
			IdentifierExpr(some_struct, IsConst: false)
		}
	}
}