Program(1 statements) {
	DestructuringDeclaration(let) {
		StructPattern {
			StructPatternField {
				name: foo
				pattern: nil
			},
			StructPatternField {
				name: bar
				pattern: nil
			},
			StructPatternField {
				name: baz
				pattern: nil
			},
		}
		Value: {
			IdentifierExpr(some_struct, IsConst: false)
		}
	}
}