Program(1 statements) {
	Statements: {
		{
			DestructuringDeclStmt {
				Keyword: let
				Pattern: {
					TuplePattern {
						Elements: {
							{
								RestPattern {
									Identifier: rest
								}
								IdentifierPattern(x) {
									Name: x
								}
								IdentifierPattern(y) {
									Name: y
								}
								IdentifierPattern(z) {
									Name: z
								}
							}
						}
					}
				}
				Value: {
					IdentifierExpr(some_tuple) {
						Name: some_tuple
					}
				}
			}
		}
	}
}
