Program(1 statements) {
	Statements: {
		DestructuringDeclStmt {
			Keyword: let
			Pattern: {
				StructPattern {
					Fields: {
						StructPatternField(foo) {
							Name: foo
						}
						StructPatternField(bar) {
							Name: bar
						}
						StructPatternField(baz) {
							Name: baz
						}
					}
				}
			}
			Value: {
				IdentifierExpr(some_struct) {
					Name: some_struct
				}
			}
		}
	}
}
