Program(1 statements) {
	DestructuringStatement {
		Keyword: let
		TuplePattern {
			IdentifierPattern(x),
			IdentifierPattern(y),
			IdentifierPattern(z),
		}
		Value: {
			TupleLiteralExpr(Name: ThreeInts) {
				Elements: {
					IntegerLiteralExpr(1, Base: 10)
					IntegerLiteralExpr(2, Base: 10)
					IntegerLiteralExpr(3, Base: 10)
				}
			}
		}
	}
}
