Program(1 statements) {
	Statements: {
		VarDeclStmt(y) {
			BindingKind: let
			Name: y
			Value: {
				GivenExpr {
					Bindings: {
						VarDeclStmt(a) {
							BindingKind: let
							Name: a
							Value: {
								IntegerLiteralExpr {
									Base: 10
									Value: 1
								}
							}
						}
					}
					Body: {
						MathBinaryOpExpr {
							Left: {
								IdentifierExpr(a) {
									Name: a
								}
							}
							Operator: +
							Right: {
								IdentifierExpr(b) {
									Name: b
								}
							}
						}
					}
				}
			}
		}
	}
}
