Program(1 statements) {
	Statements: {
		VarDeclStmt(s) {
			BindingKind: let
			Name: s
			Value: {
				StringConcatExpr {
					Left: {
						StringLiteralExpr {
							Value: Hello, 
						}
					}
					Operator: ++
					Right: {
						IdentifierExpr(name) {
							Name: name
						}
					}
				}
			}
		}
	}
}
