Program(1 statements) {
	Statements: {
		VarDeclStmt(result) {
			BindingKind: let
			Name: result
			Value: {
				DataConstructorExpr {
					Constructor: Ok
					Value: {
						FunctionCallExpr {
							Function: {
								IdentifierExpr(compute) {
									Name: compute
								}
							}
						}
					}
				}
			}
		}
	}
}
