Program(1 statements) {
	Statements: {
		VarDeclStmt(counter) {
			BindingKind: let
			Name: counter
			Value: {
				LambdaExpr {
					Body: {
						BlockExpr {
							Statements: {
								ExpressionStmt {
									Expression: {
										YieldExpr {
											Value: {
												IntegerLiteralExpr {
													Base: 10
													Value: 1
												}
											}
										}
									}
								}
								ExpressionStmt {
									Expression: {
										YieldExpr {
											Value: {
												IntegerLiteralExpr {
													Base: 10
													Value: 2
												}
											}
										}
									}
								}
							}
						}
					}
					IsGenerator: true
					ReturnType: {
						ReturnType(Gen) {
							Type: {
								ParameterizedType(Gen) {
									Name: Gen
									TypeArguments: {
										PrimitiveType(i32) {
											Name: i32
										}
									}
								}
							}
						}
					}
				}
			}
		}
	}
}
