Program(1 statements) {
	Statements: {
		VarDeclStmt(msg) {
			BindingKind: let
			Name: msg
			Value: {
				GivenExpr {
					Bindings: {
						DestructuringDeclStmt {
							Keyword: let
							Pattern: {
								DataPattern(Some) {
									Name: Some
									Pattern: {
										IdentifierPattern(name) {
											Name: name
										}
									}
								}
							}
							Value: {
								NullCoalescingExpr {
									Default: {
										StringLiteralExpr {
											Value: World
										}
									}
									Optional: {
										FunctionCallExpr {
											Function: {
												IdentifierExpr(get_name) {
													Name: get_name
												}
											}
										}
									}
								}
							}
						}
					}
					Body: {
						FunctionCallExpr {
							Arguments: {
								IdentifierExpr(name) {
									Name: name
								}
							}
							Function: {
								IdentifierExpr(greet) {
									Name: greet
								}
							}
						}
					}
				}
			}
		}
	}
}
