Program(1 statements) {
	Statements: {
		VarDeclStmt(circumference) {
			BindingKind: let
			Name: circumference
			Value: {
				GivenExpr {
					Bindings: {
						VarDeclStmt(PI) {
							BindingKind: const
							Name: PI
							Value: {
								FloatLiteralExpr {
									Value: 3.1415
								}
							}
						}
					}
					Body: {
						MathBinaryOpExpr {
							Left: {
								MathBinaryOpExpr {
									Left: {
										IntegerLiteralExpr {
											Base: 10
											Value: 2
										}
									}
									Operator: *
									Right: {
										IdentifierExpr(PI) {
											IsConst: true
											Name: PI
										}
									}
								}
							}
							Operator: *
							Right: {
								IdentifierExpr(r) {
									Name: r
								}
							}
						}
					}
				}
			}
		}
	}
}
