Program(1 statements) {
	Statements: {
		ExpressionStmt {
			Expression: {
				ForLoopExpr {
					Body: {
						BlockExpr {
							Statements: {
								BreakStmt {
								}
							}
						}
					}
					Condition: {
						BooleanBinaryOpExpr {
							Left: {
								IdentifierExpr(i) {
									Name: i
								}
							}
							Operator: <
							Right: {
								IntegerLiteralExpr {
									Base: 10
									Value: 10
								}
							}
						}
					}
					Init: {
						VarDeclStmt(i) {
							BindingKind: var
							Name: i
							Value: {
								IntegerLiteralExpr {
									Base: 10
									Value: 0
								}
							}
						}
					}
					Post: {
						MathAssignOpExpr {
							Left: {
								IdentifierExpr(i) {
									Name: i
								}
							}
							Operator: +=
							Right: {
								IntegerLiteralExpr {
									Base: 10
									Value: 1
								}
							}
						}
					}
				}
			}
		}
	}
}
