Program(1 statements) {
	Statements: {
		VarDeclStmt(result) {
			BindingKind: let
			Name: result
			Value: {
				ForLoopExpr {
					Body: {
						BlockExpr {
							Statements: {
								ExpressionStmt {
									Expression: {
										IfExpr {
											Condition: {
												BooleanBinaryOpExpr {
													Left: {
														MathBinaryOpExpr {
															Left: {
																IdentifierExpr(i) {
																	Name: i
																}
															}
															Operator: *
															Right: {
																IdentifierExpr(i) {
																	Name: i
																}
															}
														}
													}
													Operator: >
													Right: {
														IntegerLiteralExpr {
															Base: 10
															Value: 50
														}
													}
												}
											}
											Then: {
												BlockExpr {
													Statements: {
														BreakStmt {
															Value: {
																MathBinaryOpExpr {
																	Left: {
																		IdentifierExpr(i) {
																			Name: i
																		}
																	}
																	Operator: *
																	Right: {
																		IdentifierExpr(i) {
																			Name: i
																		}
																	}
																}
															}
														}
													}
												}
											}
										}
									}
								}
							}
						}
					}
					Condition: {
						BooleanBinaryOpExpr {
							Left: {
								IdentifierExpr(i) {
									Name: i
								}
							}
							Operator: <
							Right: {
								IntegerLiteralExpr {
									Base: 10
									Value: 100
								}
							}
						}
					}
					Init: {
						VarDeclStmt(i) {
							BindingKind: var
							Name: i
							Value: {
								IntegerLiteralExpr {
									Base: 10
									Value: 0
								}
							}
						}
					}
					Post: {
						MathAssignOpExpr {
							Left: {
								IdentifierExpr(i) {
									Name: i
								}
							}
							Operator: +=
							Right: {
								IntegerLiteralExpr {
									Base: 10
									Value: 1
								}
							}
						}
					}
				}
			}
		}
	}
}
