Program(1 statements) {
	Statements: {
		ExpressionStmt {
			Expression: {
				ForInLoopExpr {
					Body: {
						BlockExpr {
							Statements: {
								ExpressionStmt {
									Expression: {
										FunctionCallExpr {
											Arguments: {
												IdentifierExpr(item) {
													Name: item
												}
											}
											Function: {
												IdentifierExpr(println) {
													Name: println
												}
											}
										}
									}
								}
							}
						}
					}
					Iterable: {
						FunctionCallExpr {
							Function: {
								IdentifierExpr(get_array) {
									Name: get_array
								}
							}
						}
					}
					Key: item
				}
			}
		}
	}
}
