Program(1 statements) {
	Statements: {
		ExpressionStmt {
			Expression: {
				ForInLoopExpr {
					Body: {
						BlockExpr {
							Statements: {
								ExpressionStmt {
									Expression: {
										FunctionCallExpr {
											Arguments: {
												IdentifierExpr(i) {
													Name: i
												}
											}
											Function: {
												IdentifierExpr(println) {
													Name: println
												}
											}
										}
									}
								}
							}
						}
					}
					Iterable: {
						RangeExpr {
							End: {
								IntegerLiteralExpr {
									Base: 10
									Value: 100
								}
							}
							EndOperator: <
							Start: {
								IntegerLiteralExpr {
									Base: 10
									Value: 0
								}
							}
						}
					}
					Key: i
					KeyType: {
						PrimitiveType(u16) {
							Name: u16
						}
					}
				}
			}
		}
	}
}
