Program(2 statements) {
	Statements: {
		VarDeclStmt(i) {
			BindingKind: var
			Name: i
			Value: {
				IntegerLiteralExpr {
					Base: 10
					Value: 0
				}
			}
		}
		ForLoopStmt {
			Body: {
				BlockExpr {
					Statements: {
						ExpressionStmt {
							Expression: {
								FunctionCallExpr {
									Arguments: {
										ArgumentList {
											Arguments: {
												InterpolatedStringExpr {
													Segments: {
														StringLiteralExpr {
															Value: i == 
														}
														IdentifierExpr(i) {
															Name: i
														}
													}
												}
											}
										}
									}
									Function: {
										IdentifierExpr(println) {
											Name: println
										}
									}
								}
							}
						}
					}
				}
			}
			Condition: {
				BooleanBinaryOpExpr {
					Left: {
						IdentifierExpr(i) {
							Name: i
						}
					}
					Operator: <
					Right: {
						IntegerLiteralExpr {
							Base: 10
							Value: 10
						}
					}
				}
			}
		}
	}
}
