Program(2 statements) {
	Statements: {
		VarDeclStmt(nums) {
			BindingKind: let
			Name: nums
			Value: {
				ArrayLiteralExpr {
					Elements: {
						IntegerLiteralExpr {
							Base: 10
							Value: 1
						}
						IntegerLiteralExpr {
							Base: 10
							Value: 2
						}
						IntegerLiteralExpr {
							Base: 10
							Value: 3
						}
					}
				}
			}
		}
		VarDeclStmt(doubled) {
			BindingKind: let
			Name: doubled
			Value: {
				FunctionCallExpr {
					Arguments: {
						IdentifierExpr(nums) {
							Name: nums
						}
						LambdaExpr {
							Body: {
								MathBinaryOpExpr {
									Left: {
										IntegerLiteralExpr {
											Base: 10
											Value: 2
										}
									}
									Operator: *
									Right: {
										IdentifierExpr(x) {
											Name: x
										}
									}
								}
							}
							Parameters: {
								Parameter {
									Pattern: {
										IdentifierPattern(x) {
											Name: x
										}
									}
								}
							}
						}
					}
					Function: {
						IdentifierExpr(map) {
							Name: map
						}
					}
					GenericArguments: {
						PrimitiveType(int) {
							Name: int
						}
						PrimitiveType(int) {
							Name: int
						}
					}
				}
			}
		}
	}
}
