Program(1 statements) {
	Statements: {
		{
			FunctionDefStmt(add) {
				Clauses: {
					{
						FunctionClause {
							Body: {
								MathBinaryOpExpr {
									Left: {
										IdentifierExpr(point) {
											Name: point
										}
									}
									Operator: +
									Right: {
										IdentifierExpr(vec) {
											Name: vec
										}
									}
								}
							}
							Parameters: {
								{
									Parameter {
										Pattern: {
											IdentifierPattern(point) {
												Name: point
											}
										}
									}
									Parameter {
										Pattern: {
											IdentifierPattern(vec) {
												Name: vec
											}
										}
									}
								}
							}
						}
					}
				}
				Name: add
				Signature: {
					FunctionType((mut Point, ref Vec3) -> Point) {
						ParameterTypes: {
							{
								ParameterType(mut Point) {
									Modifier: mut
									Type: {
										UnresolvedType(Point) {
											Name: Point
										}
									}
								}
								ParameterType(ref Vec3) {
									Modifier: ref
									Type: {
										UnresolvedType(Vec3) {
											Name: Vec3
										}
									}
								}
							}
						}
						ReturnType: {
							UnresolvedType(Point) {
								Name: Point
							}
						}
					}
				}
			}
		}
	}
}
