Program(1 statements) {
	Statements: {
		{
			FunctionDefStmt(sum) {
				Clauses: {
					{
						FunctionClause {
							Body: {
								MathBinaryOpExpr {
									Left: {
										IdentifierExpr(a) {
											Name: a
										}
									}
									Operator: +
									Right: {
										IdentifierExpr(b) {
											Name: b
										}
									}
								}
							}
							Parameters: {
								{
									Parameter {
										Pattern: {
											IdentifierPattern(a) {
												Name: a
											}
										}
									}
									Parameter {
										Pattern: {
											IdentifierPattern(b) {
												Name: b
											}
										}
									}
								}
							}
						}
					}
				}
				GenericParams: {
					{
						t
					}
				}
				IsPublic: true
				Name: sum
				Signature: {
					FunctionType((t, t) -> t) {
						ParameterTypes: {
							{
								ParameterType(t) {
									Type: {
										GenericType(t) {
											Name: t
										}
									}
								}
								ParameterType(t) {
									Type: {
										GenericType(t) {
											Name: t
										}
									}
								}
							}
						}
						ReturnType: {
							GenericType(t) {
								Name: t
							}
						}
					}
				}
			}
		}
	}
}
