Program(1 statements) {
	Statements: {
		VarDeclStmt(doubled) {
			BindingKind: let
			Name: doubled
			Value: {
				FunctionCallExpr {
					Arguments: {
						ArgumentList {
							Arguments: {
								ArrayLiteralExpr {
									Elements: {
										IntegerLiteralExpr {
											Base: 10
											Value: 1
										}
										IntegerLiteralExpr {
											Base: 10
											Value: 2
										}
										IntegerLiteralExpr {
											Base: 10
											Value: 3
										}
									}
								}
								LambdaExpr {
									Body: {
										MathBinaryOpExpr {
											Left: {
												IntegerLiteralExpr {
													Base: 10
													Value: 2
												}
											}
											Operator: *
											Right: {
												IdentifierExpr(x) {
													Name: x
												}
											}
										}
									}
								}
							}
						}
					}
					Function: {
						IdentifierExpr(map) {
							Name: map
						}
					}
					GenericArguments: {
						PrimitiveType(int) {
							Name: int
						}
						PrimitiveType(int) {
							Name: int
						}
					}
				}
			}
		}
	}
}
