Program(2 statements) {
	Statements: {
		ExpressionStmt {
			Expression: {
				IdentifierExpr(def) {
					Name: def
				}
			}
		}
		ExpressionStmt {
			Expression: {
				FunctionCallExpr {
					Arguments: {
						ArgumentList {
							Arguments: {
								IdentifierExpr(int) {
									Name: int
								}
							}
						}
					}
					Function: {
						FunctionCallExpr {
							Arguments: {
								ArgumentList {
									Arguments: {
										IdentifierExpr(int) {
											Name: int
										}
									}
								}
							}
							Function: {
								IdentifierExpr(make_sum_fn) {
									Name: make_sum_fn
								}
							}
						}
					}
				}
			}
		}
	}
}
