Program(1 statements) {
	Statements: {
		{
			FunctionDefStmt(fib) {
				Clauses: {
					{
						FunctionClause {
							Body: {
								IdentifierExpr(n) {
									Name: n
								}
							}
							Guard: {
								GuardExpr {
									Condition: {
										BooleanBinaryOpExpr {
											Left: {
												IdentifierExpr(n) {
													Name: n
												}
											}
											Operator: <
											Right: {
												IntegerLiteralExpr {
													Base: 10
													Value: 2
												}
											}
										}
									}
								}
							}
							Parameters: {
								{
									Parameter {
										Pattern: {
											IdentifierPattern(n) {
												Name: n
											}
										}
									}
								}
							}
						}
						FunctionClause {
							Body: {
								MathBinaryOpExpr {
									Left: {
										FunctionCallExpr {
											Arguments: {
												ArgumentList {
													Arguments: {
														{
															MathBinaryOpExpr {
																Left: {
																	IdentifierExpr(n) {
																		Name: n
																	}
																}
																Operator: -
																Right: {
																	IntegerLiteralExpr {
																		Base: 10
																		Value: 2
																	}
																}
															}
														}
													}
												}
											}
											Function: {
												IdentifierExpr(fib) {
													Name: fib
												}
											}
										}
									}
									Operator: +
									Right: {
										FunctionCallExpr {
											Arguments: {
												ArgumentList {
													Arguments: {
														{
															MathBinaryOpExpr {
																Left: {
																	IdentifierExpr(n) {
																		Name: n
																	}
																}
																Operator: -
																Right: {
																	IntegerLiteralExpr {
																		Base: 10
																		Value: 1
																	}
																}
															}
														}
													}
												}
											}
											Function: {
												IdentifierExpr(fib) {
													Name: fib
												}
											}
										}
									}
								}
							}
							Parameters: {
								{
									Parameter {
										Pattern: {
											IdentifierPattern(n) {
												Name: n
											}
										}
									}
								}
							}
						}
					}
				}
				Name: fib
				Signature: {
					FunctionType((int) -> int) {
						ParameterTypes: {
							{
								ParameterType(int) {
									Type: {
										PrimitiveType(int) {
											Name: int
										}
									}
								}
							}
						}
						ReturnType: {
							PrimitiveType(int) {
								Name: int
							}
						}
					}
				}
			}
		}
	}
}
