Program(1 statements) {
	Statements: {
		VarDeclStmt(make_sum_fn) {
			BindingKind: let
			Name: make_sum_fn
			Value: {
				LambdaExpr {
					Body: {
						LambdaExpr {
							Body: {
								MathBinaryOpExpr {
									Left: {
										IdentifierExpr(a) {
											Name: a
										}
									}
									Operator: +
									Right: {
										IdentifierExpr(b) {
											Name: b
										}
									}
								}
							}
							Parameters: {
								Parameter {
									Pattern: {
										IdentifierPattern(b) {
											Name: b
										}
									}
								}
							}
						}
					}
					Parameters: {
						Parameter {
							Pattern: {
								IdentifierPattern(a) {
									Name: a
								}
							}
							Type: {
								PrimitiveType(i64) {
									Name: i64
								}
							}
						}
					}
					ReturnType: {
						ReturnType((i64) -> i64) {
							Type: {
								LambdaType {
									Parameters: {
										ParameterType(i64) {
											Type: {
												PrimitiveType(i64) {
													Name: i64
												}
											}
										}
									}
									ReturnType: {
										ReturnType(i64) {
											Type: {
												PrimitiveType(i64) {
													Name: i64
												}
											}
										}
									}
								}
							}
						}
					}
				}
			}
		}
	}
}
