Program(1 statements) {
	Statements: {
		VarDeclStmt(compare) {
			BindingKind: let
			GenericParamConstraints: {
				GenericParameterConstraint(n) {
					Constraints: {
						Ord
					}
					Name: n
				}
			}
			GenericParams: {
				n
			}
			Name: compare
			Value: {
				LambdaExpr {
					Body: {
						BooleanBinaryOpExpr {
							Left: {
								IdentifierExpr(a) {
									Name: a
								}
							}
							Operator: <=>
							Right: {
								IdentifierExpr(b) {
									Name: b
								}
							}
						}
					}
					Parameters: {
						Parameter {
							Pattern: {
								IdentifierPattern(a) {
									Name: a
								}
							}
							Type: {
								GenericType(n) {
									Name: n
								}
							}
						}
						Parameter {
							Pattern: {
								IdentifierPattern(b) {
									Name: b
								}
							}
							Type: {
								GenericType(n) {
									Name: n
								}
							}
						}
					}
					ReturnType: {
						ReturnType(n) {
							Type: {
								GenericType(n) {
									Name: n
								}
							}
						}
					}
				}
			}
		}
	}
}