Program(1 statements) {
	Statements: {
		{
			FunctionDefStmt(make_sum_fn) {
				Clauses: {
					{
						FunctionClause {
							Body: {
								LambdaExpr {
									FunctionClause: {
										FunctionClause {
											Body: {
												MathBinaryOpExpr {
													Left: {
														IdentifierExpr(a) {
															Name: a
														}
													}
													Operator: +
													Right: {
														IdentifierExpr(b) {
															Name: b
														}
													}
												}
											}
											Parameters: {
												{
													Parameter {
														Pattern: {
															IdentifierPattern(b) {
																Name: b
															}
														}
													}
												}
											}
										}
									}
								}
							}
							Parameters: {
								{
									Parameter {
										Pattern: {
											IdentifierPattern(a) {
												Name: a
											}
										}
									}
								}
							}
						}
					}
				}
				Name: make_sum_fn
				Signature: {
					FunctionType((int) -> (int) -> int) {
						ParameterTypes: {
							{
								ParameterType(int) {
									Type: {
										PrimitiveType(int) {
											Name: int
										}
									}
								}
							}
						}
						ReturnType: {
							FunctionType((int) -> int) {
								ParameterTypes: {
									{
										ParameterType(int) {
											Type: {
												PrimitiveType(int) {
													Name: int
												}
											}
										}
									}
								}
								ReturnType: {
									PrimitiveType(int) {
										Name: int
									}
								}
							}
						}
					}
				}
			}
		}
	}
}
