Program(1 statements) {
	Statements: {
		{
			ExpressionStmt {
				Expression: {
					IfExpr {
						Condition: {
							BooleanBinaryOpExpr {
								Left: {
									IdentifierExpr(x) {
										Name: x
									}
								}
								Operator: ==
								Right: {
									IntegerLiteralExpr {
										Base: 10
										Value: 3
									}
								}
							}
						}
						Else: {
							IfExpr {
								Condition: {
									BooleanBinaryOpExpr {
										Left: {
											IdentifierExpr(x) {
												Name: x
											}
										}
										Operator: ==
										Right: {
											IntegerLiteralExpr {
												Base: 10
												Value: 4
											}
										}
									}
								}
								Else: {
									BlockExpr {
										Statements: {
											{
												ExpressionStmt {
													Expression: {
														FunctionCallExpr {
															Arguments: {
																ArgumentList {
																	Arguments: {
																		{
																			StringLiteralExpr {
																				Value: x is not 3 or 4
																			}
																		}
																	}
																}
															}
															Function: {
																IdentifierExpr(println) {
																	Name: println
																}
															}
														}
													}
												}
											}
										}
									}
								}
								Then: {
									BlockExpr {
										Statements: {
											{
												ExpressionStmt {
													Expression: {
														FunctionCallExpr {
															Arguments: {
																ArgumentList {
																	Arguments: {
																		{
																			StringLiteralExpr {
																				Value: x is 4
																			}
																		}
																	}
																}
															}
															Function: {
																IdentifierExpr(println) {
																	Name: println
																}
															}
														}
													}
												}
											}
										}
									}
								}
							}
						}
						Then: {
							BlockExpr {
								Statements: {
									{
										ExpressionStmt {
											Expression: {
												FunctionCallExpr {
													Arguments: {
														ArgumentList {
															Arguments: {
																{
																	StringLiteralExpr {
																		Value: x is 3
																	}
																}
															}
														}
													}
													Function: {
														IdentifierExpr(println) {
															Name: println
														}
													}
												}
											}
										}
									}
								}
							}
						}
					}
				}
			}
		}
	}
}
