Program(6 statements) {
	Statements: {
		VarDeclStmt(foo) {
			BindingKind: let
			Name: foo
			Value: {
				StringLiteralExpr {
					Value: zero
				}
			}
		}
		ExpressionStmt {
			Expression: {
				IdentifierExpr(else) {
					Name: else
				}
			}
		}
		ExpressionStmt {
			Expression: {
				StringLiteralExpr {
					Value: one
				}
			}
		}
		ExpressionStmt {
			Expression: {
				IdentifierExpr(else) {
					Name: else
				}
			}
		}
		ExpressionStmt {
			Expression: {
				StringLiteralExpr {
					Value: not zero or one
				}
			}
		}
		ExpressionStmt {
			Expression: {
				IdentifierExpr(end) {
					Name: end
				}
			}
		}
	}
}
