Program(1 statements) {
	Statements: {
		{
			VarDeclStmt(foo) {
				Keyword: let
				Name: foo
				Value: {
					IfExpr {
						Condition: {
							BooleanBinaryOpExpr {
								Left: {
									IdentifierExpr(x) {
										Name: x
									}
								}
								Operator: ==
								Right: {
									IntegerLiteralExpr {
										Base: 10
									}
								}
							}
						}
						Else: {
							IfExpr {
								Condition: {
									BooleanBinaryOpExpr {
										Left: {
											IdentifierExpr(x) {
												Name: x
											}
										}
										Operator: ==
										Right: {
											IntegerLiteralExpr {
												Base: 10
												Value: 1
											}
										}
									}
								}
								Else: {
									StringLiteralExpr {
										Value: not zero or one
									}
								}
								Then: {
									StringLiteralExpr {
										Value: one
									}
								}
							}
						}
						Then: {
							StringLiteralExpr {
								Value: zero
							}
						}
					}
				}
			}
		}
	}
}
