Program(1 statements) {
	Statements: {
		{
			VarDeclStmt(foo) {
				Keyword: let
				Name: foo
				Value: {
					IfExpr {
						Condition: {
							BooleanBinaryOpExpr {
								Left: {
									IdentifierExpr(x) {
										Name: x
									}
								}
								Operator: ==
								Right: {
									IntegerLiteralExpr {
										Base: 10
									}
								}
							}
						}
						Else: {
							StringLiteralExpr {
								Value: not zero
							}
						}
						Then: {
							StringLiteralExpr {
								Value: zero
							}
						}
					}
				}
			}
		}
	}
}
