Program(4 statements) {
	Statements: {
		VarDeclStmt(foo) {
			BindingKind: let
			Name: foo
			Value: {
				StringLiteralExpr {
					Value: zero
				}
			}
		}
		ExpressionStmt {
			Expression: {
				IdentifierExpr(else) {
					Name: else
				}
			}
		}
		ExpressionStmt {
			Expression: {
				StringLiteralExpr {
					Value: not zero
				}
			}
		}
		ExpressionStmt {
			Expression: {
				IdentifierExpr(end) {
					Name: end
				}
			}
		}
	}
}
