Program(1 statements) {
	Statements: {
		ImportStmt {
			Members: {
				ImportMember(HashMap) {
					Alias: HM
					Location: {
						Location {
							EndCol: 39
							EndLine: 1
							StartCol: 26
							StartLine: 1
						}
					}
					Name: HashMap
				}
				ImportMember(Set) {
					Location: {
						Location {
							EndCol: 44
							EndLine: 1
							StartCol: 41
							StartLine: 1
						}
					}
					Name: Set
				}
			}
			Path: {
				ModuleName(std) {
					Name: std
				}
				ModuleName(collections) {
					Name: collections
				}
			}
		}
	}
}
