Program(3 statements) {
	ImportStmt {
		Path: {
			ModuleName(std)
			ModuleName(io)
		}
		Alias: io
	}
	ImportStmt {
		Path: {
			ModuleName(std)
			ModuleName(collections)
		}
		Members: {
			ImportMember(name: Map)
			ImportMember(name: Set)
		}
	}
	ImportStmt {
		Path: {
			ModuleName(math)
		}
		Members: {
			ImportMember(name: sin)
			ImportMember(name: cos)
			ImportMember(name: PI)
		}
	}
}
