Program(3 statements) {
	Statements: {
		ImportStmt {
			Alias: io
			Path: {
				ModuleName(std) {
					Name: std
				}
				ModuleName(io) {
					Name: io
				}
			}
		}
		ImportStmt {
			Members: {
				ImportMember(Map) {
					Location: {
						Location {
							EndCol: 30
							EndLine: 3
							StartCol: 27
							StartLine: 3
						}
					}
					Name: Map
				}
				ImportMember(Set) {
					Location: {
						Location {
							EndCol: 35
							EndLine: 3
							StartCol: 32
							StartLine: 3
						}
					}
					Name: Set
				}
			}
			Path: {
				ModuleName(std) {
					Name: std
				}
				ModuleName(collections) {
					Name: collections
				}
			}
		}
		ImportStmt {
			Members: {
				ImportMember(sin) {
					Location: {
						Location {
							EndCol: 19
							EndLine: 4
							StartCol: 16
							StartLine: 4
						}
					}
					Name: sin
				}
				ImportMember(cos) {
					Location: {
						Location {
							EndCol: 24
							EndLine: 4
							StartCol: 21
							StartLine: 4
						}
					}
					Name: cos
				}
				ImportMember(PI) {
					Location: {
						Location {
							EndCol: 28
							EndLine: 4
							StartCol: 26
							StartLine: 4
						}
					}
					Name: PI
				}
			}
			Path: {
				ModuleName(math) {
					Name: math
				}
			}
		}
	}
}
