Program(1 statements) {
	Statements: {
		ForLoopStmt {
			Body: {
				BlockExpr {
					Statements: {
						ExpressionStmt {
							Expression: {
								FunctionCallExpr {
									Arguments: {
										ArgumentList {
											Arguments: {
												StringLiteralExpr {
													Value: All work and no play makes Homer something something...
												}
											}
										}
									}
									Function: {
										IdentifierExpr(println) {
											Name: println
										}
									}
								}
							}
						}
					}
				}
			}
		}
	}
}
