Program(1 statements) {
	Statements: {
		VarDeclStmt(msg) {
			BindingKind: let
			Name: msg
			Value: {
				InterpolatedStringExpr {
					Segments: {
						StringLiteralExpr {
							Value: Total: 
						}
						MathBinaryOpExpr {
							Left: {
								IdentifierExpr(price) {
									Name: price
								}
							}
							Operator: *
							Right: {
								IdentifierExpr(qty) {
									Name: qty
								}
							}
						}
					}
				}
			}
		}
	}
}
