Program(1 statements) {
	Statements: {
		VarDeclStmt(greeting) {
			BindingKind: let
			Name: greeting
			Value: {
				InterpolatedStringExpr {
					Segments: {
						StringLiteralExpr {
							Value: Hello, 
						}
						IdentifierExpr(is_male) {
							Name: is_male
						}
						StringLiteralExpr {
							Value: !
						}
					}
				}
			}
		}
	}
}
