Program(1 statements) {
	Statements: {
		{
			VarDeclStmt(divide) {
				Keyword: let
				Name: divide
				Value: {
					LambdaExpr {
						FunctionClause: {
							FunctionClause {
								Body: {
									MathBinaryOpExpr {
										Left: {
											IdentifierExpr(a) {
												Name: a
											}
										}
										Operator: /
										Right: {
											IdentifierExpr(b) {
												Name: b
											}
										}
									}
								}
								Guard: {
									GuardExpr {
										Condition: {
											BooleanBinaryOpExpr {
												Left: {
													IdentifierExpr(b) {
														Name: b
													}
												}
												Operator: !=
												Right: {
													IntegerLiteralExpr {
														Base: 10
													}
												}
											}
										}
									}
								}
								Parameters: {
									{
										Parameter {
											Pattern: {
												IdentifierPattern(a) {
													Name: a
												}
											}
										}
										Parameter {
											Pattern: {
												IdentifierPattern(b) {
													Name: b
												}
											}
										}
									}
								}
							}
						}
					}
				}
			}
		}
	}
}
