Program(1 statements) {
	Statements: {
		{
			VarDeclStmt(sum) {
				Keyword: let
				Name: sum
				Type: {
					FunctionType((int, int) -> int) {
						ParameterTypes: {
							{
								ParameterType(int) {
									Type: {
										PrimitiveType(int) {
											Name: int
										}
									}
								}
								ParameterType(int) {
									Type: {
										PrimitiveType(int) {
											Name: int
										}
									}
								}
							}
						}
						ReturnType: {
							PrimitiveType(int) {
								Name: int
							}
						}
					}
				}
				Value: {
					LambdaExpr {
						FunctionClause: {
							FunctionClause {
								Body: {
									MathBinaryOpExpr {
										Left: {
											IdentifierExpr(a) {
												Name: a
											}
										}
										Operator: +
										Right: {
											IdentifierExpr(b) {
												Name: b
											}
										}
									}
								}
								Parameters: {
									{
										Parameter {
											Pattern: {
												IdentifierPattern(a) {
													Name: a
												}
											}
										}
										Parameter {
											Pattern: {
												IdentifierPattern(b) {
													Name: b
												}
											}
										}
									}
								}
							}
						}
					}
				}
			}
		}
	}
}
