Program(1 statements) {
	Statements: {
		VarDeclStmt(sum) {
			BindingKind: let
			Name: sum
			Value: {
				LambdaExpr {
					Body: {
						MathBinaryOpExpr {
							Left: {
								IdentifierExpr(a) {
									Name: a
								}
							}
							Operator: +
							Right: {
								IdentifierExpr(b) {
									Name: b
								}
							}
						}
					}
				}
			}
		}
	}
}
