Program(1 statements) {
	Statements: {
		ExpressionStmt {
			Expression: {
				MatchExpr {
					MatchArms: {
						MatchArm {
							Body: {
								FunctionCallExpr {
									Arguments: {
										StringLiteralExpr {
											Value: one digit
										}
									}
									Function: {
										IdentifierExpr(print) {
											Name: print
										}
									}
								}
							}
							Pattern: {
								RangePattern {
									End: {
										IntegerLiteralExpr {
											Base: 10
											Value: 9
										}
									}
									EndOperator: =
									Start: {
										IntegerLiteralExpr {
											Base: 10
											Value: 0
										}
									}
								}
							}
						}
						MatchArm {
							Body: {
								FunctionCallExpr {
									Arguments: {
										StringLiteralExpr {
											Value: The Answer!
										}
									}
									Function: {
										IdentifierExpr(print) {
											Name: print
										}
									}
								}
							}
							Pattern: {
								LiteralPattern {
									Value: 42
								}
							}
						}
						MatchArm {
							Body: {
								FunctionCallExpr {
									Arguments: {
										StringLiteralExpr {
											Value: two digits
										}
									}
									Function: {
										IdentifierExpr(print) {
											Name: print
										}
									}
								}
							}
							Pattern: {
								RangePattern {
									End: {
										IntegerLiteralExpr {
											Base: 10
											Value: 99
										}
									}
									EndOperator: =
									Start: {
										IntegerLiteralExpr {
											Base: 10
											Value: 10
										}
									}
								}
							}
						}
						MatchArm {
							Body: {
								FunctionCallExpr {
									Arguments: {
										StringLiteralExpr {
											Value: lots of digits!
										}
									}
									Function: {
										IdentifierExpr(print) {
											Name: print
										}
									}
								}
							}
							Pattern: {
								WildcardPattern {
								}
							}
						}
					}
					Scrutinee: {
						IdentifierExpr(foo) {
							Name: foo
						}
					}
				}
			}
		}
	}
}
