Program(1 statements) {
	Statements: {
		VarDeclStmt(bar) {
			BindingKind: let
			Name: bar
			Value: {
				MatchExpr {
					MatchArms: {
						MatchArm {
							Body: {
								StringLiteralExpr {
									Value: The Answer!
								}
							}
							Pattern: {
								DataPattern(Some) {
									Name: Some
									Pattern: {
										LiteralPattern {
											Value: 42
										}
									}
								}
							}
						}
						MatchArm {
							Body: {
								StringLiteralExpr {
									Value: Just some number
								}
							}
							Pattern: {
								DataPattern(Some) {
									Name: Some
								}
							}
						}
						MatchArm {
							Body: {
								StringLiteralExpr {
									Value: huh?
								}
							}
							Pattern: {
								DataPattern(None) {
									Name: None
								}
							}
						}
					}
					Value: {
						IdentifierExpr(foo) {
							Name: foo
						}
					}
				}
			}
		}
	}
}
