Program(1 statements) {
	Statements: {
		ExpressionStmt {
			Expression: {
				MatchExpr {
					MatchArms: {
						MatchArm {
							Body: {
								BlockExpr {
									Statements: {
										ExpressionStmt {
											Expression: {
												FunctionCallExpr {
													Arguments: {
														ArgumentList {
															Arguments: {
																StringLiteralExpr {
																	Value: An array with one element
																}
															}
														}
													}
													Function: {
														IdentifierExpr(println) {
															Name: println
														}
													}
												}
											}
										}
									}
								}
							}
							Pattern: {
								ArrayPattern {
									Elements: {
										IdentifierPattern(a) {
											Name: a
										}
									}
								}
							}
						}
						MatchArm {
							Body: {
								BlockExpr {
									Statements: {
										ExpressionStmt {
											Expression: {
												FunctionCallExpr {
													Arguments: {
														ArgumentList {
															Arguments: {
																StringLiteralExpr {
																	Value: An array with two elements
																}
															}
														}
													}
													Function: {
														IdentifierExpr(println) {
															Name: println
														}
													}
												}
											}
										}
									}
								}
							}
							Pattern: {
								ArrayPattern {
									Elements: {
										IdentifierPattern(a) {
											Name: a
										}
										IdentifierPattern(b) {
											Name: b
										}
									}
								}
							}
						}
						MatchArm {
							Body: {
								BlockExpr {
									Statements: {
										ExpressionStmt {
											Expression: {
												FunctionCallExpr {
													Arguments: {
														ArgumentList {
															Arguments: {
																StringLiteralExpr {
																	Value: A wildcard match
																}
															}
														}
													}
													Function: {
														IdentifierExpr(println) {
															Name: println
														}
													}
												}
											}
										}
									}
								}
							}
							Pattern: {
								WildcardPattern {
								}
							}
						}
					}
					Value: {
						IdentifierExpr(foo) {
							Name: foo
						}
					}
				}
			}
		}
	}
}
