Program(1 statements) {
	Statements: {
		ExpressionStmt {
			Expression: {
				MatchExpr {
					MatchArms: {
						MatchArm {
							Body: {
								StringLiteralExpr {
									Value: small
								}
							}
							Pattern: {
								OrPattern {
									Alternatives: {
										LiteralPattern {
											Value: 1
										}
										LiteralPattern {
											Value: 2
										}
									}
								}
							}
						}
						MatchArm {
							Body: {
								StringLiteralExpr {
									Value: hex
								}
							}
							Pattern: {
								OrPattern {
									Alternatives: {
										RangePattern {
											End: {
												CharacterLiteralExpr {
													Value: 102
												}
											}
											EndOperator: <=
											Start: {
												CharacterLiteralExpr {
													Value: 97
												}
											}
										}
										RangePattern {
											End: {
												CharacterLiteralExpr {
													Value: 70
												}
											}
											EndOperator: <=
											Start: {
												CharacterLiteralExpr {
													Value: 65
												}
											}
										}
									}
								}
							}
						}
						MatchArm {
							Body: {
								StringLiteralExpr {
									Value: draws
								}
							}
							Pattern: {
								OrPattern {
									Alternatives: {
										DataPattern(Pencil) {
											Name: Pencil
										}
										DataPattern(Eraser) {
											Name: Eraser
										}
									}
								}
							}
						}
						MatchArm {
							Body: {
								StringLiteralExpr {
									Value: sound
								}
							}
							Pattern: {
								OrPattern {
									Alternatives: {
										DataPattern(LOUD) {
											Name: LOUD
										}
										DataPattern(QUIET) {
											Name: QUIET
										}
									}
								}
							}
						}
						MatchArm {
							Body: {
								StringLiteralExpr {
									Value: other
								}
							}
							Pattern: {
								WildcardPattern {
								}
							}
						}
					}
					Scrutinee: {
						IdentifierExpr(foo) {
							Name: foo
						}
					}
				}
			}
		}
	}
}
