Program(1 statements) {
	Statements: {
		ExpressionStmt {
			Expression: {
				MatchExpr {
					MatchArms: {
						MatchArm {
							Body: {
								FunctionCallExpr {
									Arguments: {
										ArgumentList {
											Arguments: {
												StringLiteralExpr {
													Value: 1-9
												}
											}
										}
									}
									Function: {
										IdentifierExpr(print) {
											Name: print
										}
									}
								}
							}
							Guard: {
								GuardExpr {
									Condition: {
										BooleanBinaryOpExpr {
											Left: {
												BooleanBinaryOpExpr {
													Left: {
														IdentifierExpr(x) {
															Name: x
														}
													}
													Operator: >
													Right: {
														IntegerLiteralExpr {
															Base: 10
														}
													}
												}
											}
											Operator: &&
											Right: {
												BooleanBinaryOpExpr {
													Left: {
														IdentifierExpr(x) {
															Name: x
														}
													}
													Operator: <
													Right: {
														IntegerLiteralExpr {
															Base: 10
															Value: 10
														}
													}
												}
											}
										}
									}
								}
							}
							Pattern: {
								DataPattern(Some) {
									Name: Some
									Pattern: {
										IdentifierPattern(x) {
											Name: x
										}
									}
								}
							}
						}
						MatchArm {
							Body: {
								FunctionCallExpr {
									Arguments: {
										ArgumentList {
											Arguments: {
												StringLiteralExpr {
													Value: 10-99
												}
											}
										}
									}
									Function: {
										IdentifierExpr(print) {
											Name: print
										}
									}
								}
							}
							Guard: {
								GuardExpr {
									Condition: {
										BooleanBinaryOpExpr {
											Left: {
												BooleanBinaryOpExpr {
													Left: {
														IdentifierExpr(x) {
															Name: x
														}
													}
													Operator: >=
													Right: {
														IntegerLiteralExpr {
															Base: 10
															Value: 10
														}
													}
												}
											}
											Operator: &&
											Right: {
												BooleanBinaryOpExpr {
													Left: {
														IdentifierExpr(x) {
															Name: x
														}
													}
													Operator: <
													Right: {
														IntegerLiteralExpr {
															Base: 10
															Value: 100
														}
													}
												}
											}
										}
									}
								}
							}
							Pattern: {
								DataPattern(Some) {
									Name: Some
									Pattern: {
										IdentifierPattern(x) {
											Name: x
										}
									}
								}
							}
						}
						MatchArm {
							Body: {
								FunctionCallExpr {
									Arguments: {
										ArgumentList {
											Arguments: {
												StringLiteralExpr {
													Value: No number!
												}
											}
										}
									}
									Function: {
										IdentifierExpr(print) {
											Name: print
										}
									}
								}
							}
							Pattern: {
								DataPattern(None) {
									Name: None
								}
							}
						}
					}
					Value: {
						IdentifierExpr(foo) {
							Name: foo
						}
					}
				}
			}
		}
	}
}
