Program(1 statements) {
	Statements: {
		VarDeclStmt(foo) {
			BindingKind: let
			Name: foo
			Value: {
				MatchExpr {
					MatchArms: {
						MatchArm {
							Body: {
								AnonymousStructInstanceExpr {
									Fields: {
										StructField(a) {
											Name: a
											Value: {
												StringLiteralExpr {
													Value: b
												}
											}
										}
									}
								}
							}
							Pattern: {
								LiteralPattern {
									Value: "foo"
								}
							}
						}
						MatchArm {
							Body: {
								AnonymousStructInstanceExpr {
									Fields: {
										StructField(b) {
											Name: b
											Value: {
												StringLiteralExpr {
													Value: a
												}
											}
										}
									}
								}
							}
							Pattern: {
								LiteralPattern {
									Value: "bar"
								}
							}
						}
						MatchArm {
							Body: {
								AnonymousStructInstanceExpr {
									Fields: {
										StructField(c) {
											Name: c
											Value: {
												StringLiteralExpr {
													Value: d
												}
											}
										}
									}
								}
							}
							Pattern: {
								WildcardPattern {
								}
							}
						}
					}
					Scrutinee: {
						IdentifierExpr(bar) {
							Name: bar
						}
					}
				}
			}
		}
	}
}
