Program(1 statements) {
	Statements: {
		TypeDeclStmt(Radian) {
			Name: Radian
			Type: {
				ConstrainedType(Radian) {
					Constraints: {
						RangeConstraint {
							Comparator: <
							End: {
								MathConstraintBinaryOpExpr {
									Left: {
										MathConstraintIdentifierExpr(PI) {
											IsConst: true
											Name: PI
										}
									}
									Operator: *
									Right: {
										MathConstraintLiteralExpr {
											Type: {
												PrimitiveType(int) {
													Name: int
												}
											}
											Value: {
												IntegerLiteralExpr {
													Base: 10
													Value: 2
												}
											}
										}
									}
								}
							}
							Start: {
								MathConstraintLiteralExpr {
									Type: {
										PrimitiveType(int) {
											Name: int
										}
									}
									Value: {
										IntegerLiteralExpr {
											Base: 10
										}
									}
								}
							}
						}
						PrecisionConstraint {
							RoundingMode: round_even
							Value: {
								MathConstraintLiteralExpr {
									Type: {
										PrimitiveType(float) {
											Name: float
										}
									}
									Value: {
										FloatLiteralExpr {
											Value: 0.01
										}
									}
								}
							}
						}
					}
					Name: Radian
					Type: {
						PrimitiveType(float) {
							Name: float
						}
					}
				}
			}
		}
	}
}
