Program(1 statements) {
	Statements: {
		{
			ExpressionStmt {
				Expression: {
					IfExpr {
						Condition: {
							BooleanBinaryOpExpr {
								Left: {
									IdentifierExpr(x) {
										Name: x
									}
								}
								Operator: ==
								Right: {
									IntegerLiteralExpr {
										Base: 10
									}
								}
							}
						}
						Else: {
							BlockExpr {
								Statements: {
									{
										ExpressionStmt {
											Expression: {
												IfExpr {
													Condition: {
														BooleanBinaryOpExpr {
															Left: {
																IdentifierExpr(y) {
																	Name: y
																}
															}
															Operator: ==
															Right: {
																IntegerLiteralExpr {
																	Base: 10
																}
															}
														}
													}
													Else: {
														BlockExpr {
															Statements: {
																{
																	ExpressionStmt {
																		Expression: {
																			FunctionCallExpr {
																				Arguments: {
																					ArgumentList {
																						Arguments: {
																							{
																								StringLiteralExpr {
																									Value: At #{x},#{y}
																								}
																							}
																						}
																					}
																				}
																				Function: {
																					IdentifierExpr(println) {
																						Name: println
																					}
																				}
																			}
																		}
																	}
																}
															}
														}
													}
													Then: {
														BlockExpr {
															Statements: {
																{
																	ExpressionStmt {
																		Expression: {
																			FunctionCallExpr {
																				Arguments: {
																					ArgumentList {
																						Arguments: {
																							{
																								StringLiteralExpr {
																									Value: On Horizontal Axis
																								}
																							}
																						}
																					}
																				}
																				Function: {
																					IdentifierExpr(println) {
																						Name: println
																					}
																				}
																			}
																		}
																	}
																}
															}
														}
													}
												}
											}
										}
									}
								}
							}
						}
						Then: {
							BlockExpr {
								Statements: {
									{
										ExpressionStmt {
											Expression: {
												IfExpr {
													Condition: {
														BooleanBinaryOpExpr {
															Left: {
																IdentifierExpr(y) {
																	Name: y
																}
															}
															Operator: ==
															Right: {
																IntegerLiteralExpr {
																	Base: 10
																}
															}
														}
													}
													Else: {
														BlockExpr {
															Statements: {
																{
																	ExpressionStmt {
																		Expression: {
																			FunctionCallExpr {
																				Arguments: {
																					ArgumentList {
																						Arguments: {
																							{
																								StringLiteralExpr {
																									Value: On Vertical Axis
																								}
																							}
																						}
																					}
																				}
																				Function: {
																					IdentifierExpr(println) {
																						Name: println
																					}
																				}
																			}
																		}
																	}
																}
															}
														}
													}
													Then: {
														BlockExpr {
															Statements: {
																{
																	ExpressionStmt {
																		Expression: {
																			FunctionCallExpr {
																				Arguments: {
																					ArgumentList {
																						Arguments: {
																							{
																								StringLiteralExpr {
																									Value: At Origin
																								}
																							}
																						}
																					}
																				}
																				Function: {
																					IdentifierExpr(println) {
																						Name: println
																					}
																				}
																			}
																		}
																	}
																}
															}
														}
													}
												}
											}
										}
									}
								}
							}
						}
					}
				}
			}
		}
	}
}
