Program(1 statements) {
	Statements: {
		{
			VarDeclStmt(result) {
				Keyword: let
				Name: result
				Value: {
					NullCoalescingExpr {
						Default: {
							IdentifierExpr(default) {
								Name: default
							}
						}
						Optional: {
							IdentifierExpr(optional) {
								Name: optional
							}
						}
					}
				}
			}
		}
	}
}
