Program(1 statements) {
	Statements: {
		VarDeclStmt(value) {
			BindingKind: let
			Name: value
			Value: {
				MatchExpr {
					MatchArms: {
						MatchArm {
							Body: {
								FunctionCallExpr {
									Arguments: {
										IndexExpr {
											Index: {
												IntegerLiteralExpr {
													Base: 10
													Value: 1
												}
											}
											Object: {
												IdentifierExpr(__opt_1_25) {
													Name: __opt_1_25
												}
											}
										}
									}
									Function: {
										IdentifierExpr(__optional_chain) {
											Name: __optional_chain
										}
									}
								}
							}
							Pattern: {
								DataPattern(Some) {
									Name: Some
									Pattern: {
										TuplePattern {
											Elements: {
												IdentifierPattern(__opt_1_25) {
													Name: __opt_1_25
												}
											}
										}
									}
								}
							}
						}
						MatchArm {
							Body: {
								DataConstructorExpr {
									Constructor: None
								}
							}
							Pattern: {
								DataPattern(None) {
									Name: None
								}
							}
						}
					}
					OptionalChain: true
					Scrutinee: {
						MatchExpr {
							MatchArms: {
								MatchArm {
									Body: {
										FunctionCallExpr {
											Arguments: {
												IndexExpr {
													Index: {
														IntegerLiteralExpr {
															Base: 10
															Value: 0
														}
													}
													Object: {
														IdentifierExpr(__opt_1_21) {
															Name: __opt_1_21
														}
													}
												}
											}
											Function: {
												IdentifierExpr(__optional_chain) {
													Name: __optional_chain
												}
											}
										}
									}
									Pattern: {
										DataPattern(Some) {
											Name: Some
											Pattern: {
												TuplePattern {
													Elements: {
														IdentifierPattern(__opt_1_21) {
															Name: __opt_1_21
														}
													}
												}
											}
										}
									}
								}
								MatchArm {
									Body: {
										DataConstructorExpr {
											Constructor: None
										}
									}
									Pattern: {
										DataPattern(None) {
											Name: None
										}
									}
								}
							}
							OptionalChain: true
							Scrutinee: {
								IdentifierExpr(matrix) {
									Name: matrix
								}
							}
						}
					}
				}
			}
		}
	}
}
