Program(1 statements) {
	Statements: {
		VarDeclStmt(name) {
			BindingKind: let
			Name: name
			Value: {
				MemberExpr {
					Object: {
						IdentifierExpr(person) {
							Name: person
						}
					}
					Property: {
						IdentifierExpr(name) {
							Name: name
						}
					}
				}
			}
		}
	}
}
