Program(1 statements) {
	Statements: {
		VarDeclStmt(foo) {
			BindingKind: let
			Name: foo
			Value: {
				MemberExpr {
					Object: {
						MatchExpr {
							MatchArms: {
								MatchArm {
									Body: {
										FunctionCallExpr {
											Arguments: {
												IndexExpr {
													Index: {
														IntegerLiteralExpr {
															Base: 10
															Value: 0
														}
													}
													Object: {
														IdentifierExpr(__opt_1_35) {
															Name: __opt_1_35
														}
													}
												}
											}
											Function: {
												IdentifierExpr(__optional_chain) {
													Name: __optional_chain
												}
											}
										}
									}
									Pattern: {
										DataPattern(Some) {
											Name: Some
											Pattern: {
												TuplePattern {
													Elements: {
														IdentifierPattern(__opt_1_35) {
															Name: __opt_1_35
														}
													}
												}
											}
										}
									}
								}
								MatchArm {
									Body: {
										DataConstructorExpr {
											Constructor: None
										}
									}
									Pattern: {
										DataPattern(None) {
											Name: None
										}
									}
								}
							}
							OptionalChain: true
							Scrutinee: {
								FunctionCallExpr {
									Arguments: {
										StringLiteralExpr {
											Value: arg
										}
									}
									Function: {
										MemberExpr {
											Object: {
												IdentifierExpr(struct) {
													Name: struct
												}
											}
											Property: {
												IdentifierExpr(function) {
													Name: function
												}
											}
										}
									}
								}
							}
						}
					}
					Property: {
						IdentifierExpr(property) {
							Name: property
						}
					}
				}
			}
		}
	}
}
