Program(1 statements) {
	Statements: {
		{
			VarDeclStmt(first) {
				Keyword: let
				Name: first
				Value: {
					IndexExpr {
						Index: {
							IntegerLiteralExpr {
								Base: 10
							}
						}
						Object: {
							IdentifierExpr(array) {
								Name: array
							}
						}
					}
				}
			}
		}
	}
}
