Program(1 statements) {
	Statements: {
		VarDeclStmt(max) {
			BindingKind: let
			Name: max
			Value: {
				MemberExpr {
					Object: {
						IdentifierExpr(limits) {
							Name: limits
						}
					}
					Property: {
						IdentifierExpr(MAX) {
							IsConst: true
							Name: MAX
						}
					}
				}
			}
		}
	}
}
