Program(1 statements) {
	Statements: {
		{
			VarDeclStmt(file) {
				Keyword: let
				Name: file
				Value: {
					TryExpr {
						Operand: {
							FunctionCallExpr {
								Arguments: {
									ArgumentList {
										Arguments: {
											{
												StringLiteralExpr {
													Value: foo.txt
												}
											}
										}
									}
								}
								Function: {
									IdentifierExpr(open_file) {
										Name: open_file
									}
								}
							}
						}
					}
				}
			}
		}
	}
}
