Program(1 statements) {
	Statements: {
		VarDeclStmt(file) {
			BindingKind: let
			Name: file
			Value: {
				TryExpr {
					Operand: {
						FunctionCallExpr {
							Arguments: {
								StringLiteralExpr {
									Value: foo.txt
								}
							}
							Function: {
								IdentifierExpr(open_file) {
									Name: open_file
								}
							}
						}
					}
				}
			}
		}
	}
}
