Program(1 statements) {
	Statements: {
		VarDeclStmt(name) {
			BindingKind: let
			Name: name
			Value: {
				MatchExpr {
					MatchArms: {
						MatchArm {
							Body: {
								FunctionCallExpr {
									Arguments: {
										MemberExpr {
											Object: {
												IdentifierExpr(__opt_1_20) {
													Name: __opt_1_20
												}
											}
											Property: {
												IdentifierExpr(name) {
													Name: name
												}
											}
										}
									}
									Function: {
										IdentifierExpr(__optional_chain) {
											Name: __optional_chain
										}
									}
								}
							}
							Pattern: {
								DataPattern(Some) {
									Name: Some
									Pattern: {
										TuplePattern {
											Elements: {
												IdentifierPattern(__opt_1_20) {
													Name: __opt_1_20
												}
											}
										}
									}
								}
							}
						}
						MatchArm {
							Body: {
								DataConstructorExpr {
									Constructor: None
								}
							}
							Pattern: {
								DataPattern(None) {
									Name: None
								}
							}
						}
					}
					OptionalChain: true
					Scrutinee: {
						IdentifierExpr(person) {
							Name: person
						}
					}
				}
			}
		}
	}
}
