Program(1 statements) {
	Statements: {
		VarDeclStmt(fib) {
			BindingKind: let
			Name: fib
			Value: {
				LambdaExpr {
					IsPure: true
					LambdaClauses: {
						LambdaClause {
							Body: {
								IdentifierExpr(n) {
									Name: n
								}
							}
							Guard: {
								GuardExpr {
									Condition: {
										BooleanBinaryOpExpr {
											Left: {
												IdentifierExpr(n) {
													Name: n
												}
											}
											Operator: <
											Right: {
												IntegerLiteralExpr {
													Base: 10
													Value: 2
												}
											}
										}
									}
								}
							}
							Patterns: {
								IdentifierPattern(n) {
									Name: n
								}
							}
						}
						LambdaClause {
							Body: {
								MathBinaryOpExpr {
									Left: {
										FunctionCallExpr {
											Arguments: {
												MathBinaryOpExpr {
													Left: {
														IdentifierExpr(n) {
															Name: n
														}
													}
													Operator: -
													Right: {
														IntegerLiteralExpr {
															Base: 10
															Value: 2
														}
													}
												}
											}
											Function: {
												IdentifierExpr(fib) {
													Name: fib
												}
											}
										}
									}
									Operator: +
									Right: {
										FunctionCallExpr {
											Arguments: {
												MathBinaryOpExpr {
													Left: {
														IdentifierExpr(n) {
															Name: n
														}
													}
													Operator: -
													Right: {
														IntegerLiteralExpr {
															Base: 10
															Value: 1
														}
													}
												}
											}
											Function: {
												IdentifierExpr(fib) {
													Name: fib
												}
											}
										}
									}
								}
							}
							Patterns: {
								IdentifierPattern(n) {
									Name: n
								}
							}
						}
					}
					Parameters: {
						Parameter {
							Pattern: {
								IdentifierPattern(n) {
									Name: n
								}
							}
							Type: {
								PrimitiveType(i64) {
									Name: i64
								}
							}
						}
					}
					ReturnType: {
						ReturnType(i64) {
							Type: {
								PrimitiveType(i64) {
									Name: i64
								}
							}
						}
					}
				}
			}
		}
	}
}
