Program(1 statements) {
	Statements: {
		VarDeclStmt(compute) {
			BindingKind: let
			Name: compute
			Value: {
				LambdaExpr {
					Body: {
						MathBinaryOpExpr {
							Left: {
								IdentifierExpr(n) {
									Name: n
								}
							}
							Operator: *
							Right: {
								IntegerLiteralExpr {
									Base: 10
									Value: 2
								}
							}
						}
					}
					IsAsync: true
					IsPure: true
					Parameters: {
						Parameter {
							Pattern: {
								IdentifierPattern(n) {
									Name: n
								}
							}
							Type: {
								PrimitiveType(int) {
									Name: int
								}
							}
						}
					}
					ReturnType: {
						ReturnType(int) {
							Type: {
								PrimitiveType(int) {
									Name: int
								}
							}
						}
					}
				}
			}
		}
	}
}
