Program(1 statements) {
	Statements: {
		VarDeclStmt(add) {
			BindingKind: let
			Name: add
			Value: {
				LambdaExpr {
					Body: {
						MathBinaryOpExpr {
							Left: {
								IdentifierExpr(a) {
									Name: a
								}
							}
							Operator: +
							Right: {
								IdentifierExpr(b) {
									Name: b
								}
							}
						}
					}
					IsPure: true
					Parameters: {
						Parameter {
							Pattern: {
								IdentifierPattern(a) {
									Name: a
								}
							}
							Type: {
								PrimitiveType(int) {
									Name: int
								}
							}
						}
						Parameter {
							Pattern: {
								IdentifierPattern(b) {
									Name: b
								}
							}
							Type: {
								PrimitiveType(int) {
									Name: int
								}
							}
						}
					}
					ReturnType: {
						ReturnType(int) {
							Type: {
								PrimitiveType(int) {
									Name: int
								}
							}
						}
					}
				}
			}
		}
	}
}