Program(1 statements) {
	Statements: {
		ExpressionStmt {
			Expression: {
				RangeExpr {
					End: {
						MathBinaryOpExpr {
							Left: {
								IdentifierExpr(end) {
									Name: end
								}
							}
							Operator: -
							Right: {
								IntegerLiteralExpr {
									Base: 10
									Value: 1
								}
							}
						}
					}
					EndOperator: <=
					Start: {
						MathBinaryOpExpr {
							Left: {
								IdentifierExpr(start) {
									Name: start
								}
							}
							Operator: *
							Right: {
								IntegerLiteralExpr {
									Base: 10
									Value: 2
								}
							}
						}
					}
				}
			}
		}
	}
}
