Program(1 statements) {
	Statements: {
		ExpressionStmt {
			Expression: {
				RangeExpr {
					End: {
						IntegerLiteralExpr {
							Base: 10
							Value: 10
						}
					}
					EndOperator: =
					Start: {
						IntegerLiteralExpr {
							Base: 10
						}
					}
					Step: {
						IntegerLiteralExpr {
							Base: 10
							Value: 2
						}
					}
				}
			}
		}
	}
}
