Program(1 statements) {
	Statements: {
		TypeDeclStmt(Radian) {
			Name: Radian
			Type: {
				ConstrainedType(Radian) {
					Constraints: {
						RangeConstraint {
							Comparator: <
							Start: {
								MathConstraintLiteralExpr {
									Type: {
										PrimitiveType(float) {
											Name: float
										}
									}
								}
							}
						}
					}
					Name: Radian
					Type: {
						PrimitiveType(float) {
							Name: float
						}
					}
				}
			}
		}
	}
}
