Program(1 statements) {
	Statements: {
		{
			TypeDeclStmt(Radian) {
				Name: Radian
				Type: {
					ConstrainedType(Radian) {
						Constraints: {
							{
								RangeConstraint {
									Comparator: <
									End: {
										MathConstraintBinaryOpExpr {
											Left: {
												MathConstraintIdentifierExpr(PI) {
													IsConst: true
													Name: PI
												}
											}
											Operator: *
											Right: {
												MathConstraintLiteralExpr {
													Type: {
														PrimitiveType(float) {
															Name: float
														}
													}
													Value: {
														FloatLiteralExpr {
															Value: 2
														}
													}
												}
											}
										}
									}
									Start: {
										MathConstraintLiteralExpr {
											Type: {
												PrimitiveType(float) {
													Name: float
												}
											}
											Value: {
												FloatLiteralExpr {
												}
											}
										}
									}
								}
							}
						}
						Name: Radian
						Type: {
							PrimitiveType(float) {
								Name: float
							}
						}
					}
				}
			}
		}
	}
}
