Program(1 statements) {
	TypeDeclStmt(Radian) {
		Type: {
			ConstrainedType {
				Name: Radian
				Type: float
				Constraints: {
				RangeConstraint {
					Start: {
					MathConstraintLiteralExpr { 
						Value: 0
						Type: {
						float
						}
					}
					}
					Comparator: <
					End: {
					MathConstraintBinaryOpExpr(PI * 2) {
						Left: {
						MathConstraintIdentifierExpr(PI)
						}
						Operator: *
						Right: {
						MathConstraintLiteralExpr { 
							Value: 2
							Type: {
							float
							}
						}
						}
					}
					}
				}
				}
			}
		}
	}
}
