Program(1 statements) {
	Statements: {
		TypeDeclStmt(Temp) {
			Name: Temp
			Type: {
				ConstrainedType(Temp) {
					Constraints: {
						RangeConstraint {
							Comparator: <
							End: {
								MathConstraintLiteralExpr {
									Type: {
										PrimitiveType(untyped_int) {
											Name: untyped_int
										}
									}
									Value: {
										IntegerLiteralExpr {
											Base: 10
											Value: 200
										}
									}
								}
							}
							Start: {
								MathConstraintNegationExpr {
									Operand: {
										MathConstraintLiteralExpr {
											Type: {
												PrimitiveType(untyped_int) {
													Name: untyped_int
												}
											}
											Value: {
												IntegerLiteralExpr {
													Base: 10
													Value: 100
												}
											}
										}
									}
								}
							}
						}
					}
					Name: Temp
					Type: {
						PrimitiveType(int) {
							Name: int
						}
					}
				}
			}
		}
	}
}
