Program(2 statements) {
	Statements: {
		VarDeclStmt(pi) {
			BindingKind: let
			Name: pi
			Value: {
				FloatLiteralExpr {
					Value: 3.14159
				}
			}
		}
		TypeDeclStmt(Radian) {
			Name: Radian
			Type: {
				ConstrainedType(Radian) {
					Constraints: {
						RangeConstraint {
							Comparator: <
							End: {
								MathConstraintBinaryOpExpr {
									Left: {
										MathConstraintIdentifierExpr(pi) {
											Name: pi
										}
									}
									Operator: +
									Right: {
										MathConstraintLiteralExpr {
											Type: {
												PrimitiveType(int) {
													Name: int
												}
											}
											Value: {
												IntegerLiteralExpr {
													Base: 10
													Value: 3
												}
											}
										}
									}
								}
							}
							Start: {
								MathConstraintBinaryOpExpr {
									Left: {
										MathConstraintIdentifierExpr(pi) {
											Name: pi
										}
									}
									Operator: -
									Right: {
										MathConstraintLiteralExpr {
											Type: {
												PrimitiveType(int) {
													Name: int
												}
											}
											Value: {
												IntegerLiteralExpr {
													Base: 10
													Value: 3
												}
											}
										}
									}
								}
							}
						}
					}
					Name: Radian
					Type: {
						PrimitiveType(float) {
							Name: float
						}
					}
				}
			}
		}
	}
}
