Program(1 statements) {
	Statements: {
		ExpressionStmt {
			Expression: {
				StructInstanceExpr(Player) {
					BaseStruct: {
						IdentifierExpr(existingPlayer) {
							Name: existingPlayer
						}
					}
					Fields: {
						StructField(health) {
							Name: health
							Value: {
								IdentifierExpr(newHealth) {
									Name: newHealth
								}
							}
						}
						StructField(stamina) {
							Name: stamina
							Value: {
								IntegerLiteralExpr {
									Base: 10
									Value: 100
								}
							}
						}
					}
					Name: Player
				}
			}
		}
	}
}
