Program(1 statements) {
	Statements: {
		{
			FunctionDefStmt(sum) {
				Clauses: {
					{
						FunctionClause {
							Body: {
								MathBinaryOpExpr {
									Left: {
										IdentifierExpr(a) {
											Name: a
										}
									}
									Operator: +
									Right: {
										IdentifierExpr(b) {
											Name: b
										}
									}
								}
							}
							Parameters: {
								{
									Parameter {
										Pattern: {
											IdentifierPattern(a) {
												Name: a
											}
										}
									}
									Parameter {
										Pattern: {
											IdentifierPattern(b) {
												Name: b
											}
										}
									}
								}
							}
						}
					}
				}
				GenericParams: {
					{
						int
					}
				}
				IsPublic: true
				Name: sum
				Signature: {
					FunctionType((int, int) -> int) {
						ParameterTypes: {
							{
								ParameterType(int) {
									Type: {
										PrimitiveType(int) {
											Name: int
										}
									}
								}
								ParameterType(int) {
									Type: {
										PrimitiveType(int) {
											Name: int
										}
									}
								}
							}
						}
						ReturnType: {
							PrimitiveType(int) {
								Name: int
							}
						}
					}
				}
			}
		}
	}
}
