Program(1 statements) {
	Statements: {
		VarDeclStmt(point) {
			BindingKind: let
			Name: point
			Type: {
				TupleType(?) {
					Elements: {
						PrimitiveType(i64) {
							Name: i64
						}
						PrimitiveType(i64) {
							Name: i64
						}
					}
					Name: ?
				}
			}
			Value: {
				TupleLiteralExpr(?) {
					Elements: {
						IntegerLiteralExpr {
							Base: 10
							Value: 1
						}
						IntegerLiteralExpr {
							Base: 10
							Value: 2
						}
					}
					Name: ?
				}
			}
		}
	}
}
