Program(1 statements) {
	FunctionDefStmt(sum) {
		GenericParams: [int]
		Signature: (int, int) -> int
		IsPublic: true
		Clauses: {
			FunctionClause {
				Parameters: {
					Parameter(a)
					Parameter(b)
				}
				Guard: nil
				Body: {
					MathBinaryOpExpr(math_binary_op_expr) {
						Left: {
							IdentifierExpr(a, IsConst: false)
						}
						Operator: +
						Right: {
							IdentifierExpr(b, IsConst: false)
						}
					}
				}
			}
		}
	}
}
