Program(1 statements) {
	Statements: {
		VarDeclStmt(arr) {
			BindingKind: let
			Name: arr
			Type: {
				DynamicArrayType(DynamicArray<i64>) {
					Allocation: stack
					ElementType: {
						PrimitiveType(i64) {
							Name: i64
						}
					}
				}
			}
			Value: {
				ArrayLiteralExpr {
					Elements: {
						IntegerLiteralExpr {
							Base: 10
							Value: 1
						}
						IntegerLiteralExpr {
							Base: 10
							Value: 2
						}
						IntegerLiteralExpr {
							Base: 10
							Value: 3
						}
					}
				}
			}
		}
	}
}
