Program(1 statements) {
	Statements: {
		{
			TypeDeclStmt(CompassHeading) {
				Name: CompassHeading
				Type: {
					ConstrainedType(CompassHeading) {
						Constraints: {
							{
								RangeConstraint {
									Comparator: <
									End: {
										MathConstraintLiteralExpr {
											Type: {
												PrimitiveType(int) {
													Name: int
												}
											}
											Value: {
												IntegerLiteralExpr {
													Base: 10
													Value: 360
												}
											}
										}
									}
									Start: {
										MathConstraintLiteralExpr {
											Type: {
												PrimitiveType(int) {
													Name: int
												}
											}
											Value: {
												IntegerLiteralExpr {
													Base: 10
												}
											}
										}
									}
								}
								StepConstraint {
									Value: {
										MathConstraintLiteralExpr {
											Type: {
												PrimitiveType(int) {
													Name: int
												}
											}
											Value: {
												IntegerLiteralExpr {
													Base: 10
													Value: 15
												}
											}
										}
									}
								}
							}
						}
						Name: CompassHeading
						Type: {
							PrimitiveType(int) {
								Name: int
							}
						}
					}
				}
			}
		}
	}
}
