Program(1 statements) {
	Statements: {
		TypeDeclStmt(CompassHeading) {
			Name: CompassHeading
			Type: {
				ConstrainedType(CompassHeading) {
					Constraints: {
						RangeConstraint {
							Comparator: <
							End: {
								MathConstraintLiteralExpr {
									Type: {
										PrimitiveType(untyped_int) {
											Name: untyped_int
										}
									}
									Value: {
										IntegerLiteralExpr {
											Base: 10
											Value: 360
										}
									}
								}
							}
							Start: {
								MathConstraintLiteralExpr {
									Type: {
										PrimitiveType(untyped_int) {
											Name: untyped_int
										}
									}
									Value: {
										IntegerLiteralExpr {
											Base: 10
											Value: 0
										}
									}
								}
							}
						}
						StepConstraint {
							Value: {
								MathConstraintLiteralExpr {
									Type: {
										PrimitiveType(untyped_int) {
											Name: untyped_int
										}
									}
									Value: {
										IntegerLiteralExpr {
											Base: 10
											Value: 15
										}
									}
								}
							}
						}
					}
					Name: CompassHeading
					Type: {
						PrimitiveType(i64) {
							Name: i64
						}
					}
				}
			}
		}
	}
}
