Program(1 statements) {
	Statements: {
		VarDeclStmt(point) {
			BindingKind: let
			Name: point
			Value: {
				StructInstanceExpr(Point) {
					Fields: {
						StructField {
							Value: {
								IntegerLiteralExpr {
									Base: 10
									Value: 1
								}
							}
						}
						StructField {
							Value: {
								IntegerLiteralExpr {
									Base: 10
									Value: 2
								}
							}
						}
					}
					Name: Point
				}
			}
		}
	}
}
