Program(1 statements) {
	Statements: {
		{
			VarDeclStmt(point) {
				BindingKind: let
				Name: point
				Value: {
					StructInstance(Point) {
						Fields: {
							{
								StructField(x) {
									Name: x
									Value: {
										IntegerLiteralExpr {
											Base: 10
											Value: 1
										}
									}
								}
								StructField(y) {
									Name: y
									Value: {
										IntegerLiteralExpr {
											Base: 10
											Value: 2
										}
									}
								}
							}
						}
						GenericArgs: {
							{
								PrimitiveType(i32) {
									Name: i32
								}
							}
						}
						Name: Point
					}
				}
			}
		}
	}
}
