Program(1 statements) {
	Statements: {
		VarDeclStmt(merged) {
			BindingKind: let
			Name: merged
			Value: {
				StructInstanceExpr(Point) {
					Fields: {
						StructField {
							Value: {
								SpreadExpr(base) {
									Name: base
								}
							}
						}
						StructField {
							Value: {
								SpreadExpr(extra) {
									Name: extra
								}
							}
						}
					}
					Name: Point
				}
			}
		}
	}
}
