Program(1 statements) {
	Statements: {
		TypeDeclStmt(Point) {
			GenericParams: {
				GenericParam(t) {
					Name: t
				}
			}
			IsPublic: true
			Name: Point
			Type: {
				StructType(Point) {
					Allocation: stack
					Fields: {
						StructField(x) {
							Name: x
							Type: {
								GenericType(t) {
									Name: t
								}
							}
						}
						StructField(y) {
							Name: y
							Type: {
								GenericType(t) {
									Name: t
								}
							}
						}
					}
					Name: Point
				}
			}
		}
	}
}
