Program(1 statements) {
	Statements: {
		TraitDeclStmt(Collection) {
			GenericParams: {
				GenericParam(c) {
					Name: c
				}
				GenericParam(e) {
					Name: e
				}
			}
			Methods: {
				TraitMethod {
					Name: {
						MethodName(add) {
							Kind: 0
							Value: add
						}
					}
					Signature: {
						LambdaType {
							Parameters: {
								ParameterType(c<e>) {
									Type: {
										GenericType(c<e>) {
											Name: c<e>
										}
									}
								}
								ParameterType(e) {
									Type: {
										GenericType(e) {
											Name: e
										}
									}
								}
							}
							ReturnType: {
								ReturnType(c<e>) {
									Type: {
										GenericType(c<e>) {
											Name: c<e>
										}
									}
								}
							}
						}
					}
				}
				TraitMethod {
					Name: {
						MethodName(remove) {
							Kind: 0
							Value: remove
						}
					}
					Signature: {
						LambdaType {
							Parameters: {
								ParameterType(c<e>) {
									Type: {
										GenericType(c<e>) {
											Name: c<e>
										}
									}
								}
								ParameterType(e) {
									Type: {
										GenericType(e) {
											Name: e
										}
									}
								}
							}
							ReturnType: {
								ReturnType(c<e>) {
									Type: {
										GenericType(c<e>) {
											Name: c<e>
										}
									}
								}
							}
						}
					}
				}
				TraitMethod {
					Name: {
						MethodName(contains) {
							Kind: 0
							Value: contains
						}
					}
					Signature: {
						LambdaType {
							Parameters: {
								ParameterType(c<e>) {
									Type: {
										GenericType(c<e>) {
											Name: c<e>
										}
									}
								}
								ParameterType(e) {
									Type: {
										GenericType(e) {
											Name: e
										}
									}
								}
							}
							ReturnType: {
								ReturnType(boolean) {
									Type: {
										PrimitiveType(boolean) {
											Name: boolean
										}
									}
								}
							}
						}
					}
				}
				TraitMethod {
					Name: {
						MethodName(size) {
							Kind: 0
							Value: size
						}
					}
					Signature: {
						LambdaType {
							Parameters: {
								ParameterType(c<e>) {
									Type: {
										GenericType(c<e>) {
											Name: c<e>
										}
									}
								}
							}
							ReturnType: {
								ReturnType(i64) {
									Type: {
										PrimitiveType(i64) {
											Name: i64
										}
									}
								}
							}
						}
					}
				}
			}
			Name: Collection
		}
	}
}
