Program(1 statements) {
	Statements: {
		TraitDeclStmt(Show) {
			Methods: {
				TraitMethod {
					Name: {
						MethodName(show) {
							Kind: 0
							Value: show
						}
					}
					Signature: {
						LambdaType {
							Parameters: {
								ParameterType(Self) {
								}
							}
							ReturnType: {
								ReturnType(string) {
									Type: {
										PrimitiveType(string) {
											Name: string
										}
									}
								}
							}
						}
					}
				}
				TraitMethod {
					DefaultMethod: {
						LambdaClause {
							Body: {
								StringConcatExpr {
									Left: {
										StringConcatExpr {
											Left: {
												FunctionCallExpr {
													Arguments: {
														IdentifierExpr(x) {
															Name: x
														}
													}
													Function: {
														IdentifierExpr(show) {
															Name: show
														}
													}
												}
											}
											Operator: ++
										}
									}
									Operator: ++
									Right: {
										FunctionCallExpr {
											Arguments: {
												IdentifierExpr(x) {
													Name: x
												}
											}
											Function: {
												IdentifierExpr(show) {
													Name: show
												}
											}
										}
									}
								}
							}
							Patterns: {
								IdentifierPattern(x) {
									Name: x
								}
							}
						}
					}
					Name: {
						MethodName(show_twice) {
							Kind: 0
							Value: show_twice
						}
					}
					Signature: {
						LambdaType {
							Parameters: {
								ParameterType(Self) {
								}
							}
							ReturnType: {
								ReturnType(string) {
									Type: {
										PrimitiveType(string) {
											Name: string
										}
									}
								}
							}
						}
					}
				}
			}
			Name: Show
		}
	}
}
