Program(1 statements) {
	Statements: {
		{
			TraitDeclStmt(Bounded) {
				Bounds: {
					{
						Show
						Eq
					}
				}
				GenericParameterConstraints: {
					{
						TraitGenericParameterConstraint(t) {
							Constraints: {
								{
									Ord
								}
							}
							Name: t
						}
					}
				}
				GenericParams: {
					{
						t
					}
				}
				Methods: {
					{
						TraitMethod {
							Name: {
								MethodName(id) {
									Value: id
								}
							}
							Signature: {
								FunctionType((t) -> t) {
									ParameterTypes: {
										{
											ParameterType(t) {
												Type: {
													GenericType(t) {
														Name: t
													}
												}
											}
										}
									}
									ReturnType: {
										GenericType(t) {
											Name: t
										}
									}
								}
							}
						}
					}
				}
				Name: Bounded
			}
		}
	}
}
