Program(2 statements) {
	Statements: {
		TraitDeclStmt(Functor) {
			Methods: {
				TraitMethod {
					Name: {
						MethodName(map) {
							Kind: 0
							Value: map
						}
					}
					Signature: {
						LambdaType {
							Parameters: {
								ParameterType(Self<a>) {
									Type: {
										SelfType(Self) {
											Args: {
												GenericType(a) {
													Name: a
												}
											}
										}
									}
								}
								ParameterType((a) -> b) {
									Type: {
										LambdaType {
											Parameters: {
												ParameterType(a) {
													Type: {
														GenericType(a) {
															Name: a
														}
													}
												}
											}
											ReturnType: {
												ReturnType(b) {
													Type: {
														GenericType(b) {
															Name: b
														}
													}
												}
											}
										}
									}
								}
							}
							ReturnType: {
								ReturnType(Self) {
									Type: {
										SelfType(Self) {
											Args: {
												GenericType(b) {
													Name: b
												}
											}
										}
									}
								}
							}
						}
					}
				}
			}
			Name: Functor
		}
		TraitImplStmt {
			Methods: {
				TraitMethodImpl {
					Clause: {
						LambdaClause {
							Body: {
								IdentifierExpr(self) {
									Name: self
								}
							}
							Patterns: {
								IdentifierPattern(self) {
									Name: self
								}
								IdentifierPattern(f) {
									Name: f
								}
							}
						}
					}
					Name: {
						MethodName(map) {
							Kind: 0
							Value: map
						}
					}
				}
			}
			TraitName: Functor
			Type: {
				ParameterizedType(Result) {
					Name: Result
					TypeArguments: {
						HoleType(_) {
						}
						GenericType(e) {
							Name: e
						}
					}
				}
			}
		}
	}
}
