Program(1 statements) {
	Statements: {
		TraitDeclStmt(Arith) {
			Methods: {
				TraitMethod {
					Name: {
						MethodName(+) {
							Kind: 3
							Value: +
						}
					}
					Signature: {
						LambdaType {
							Parameters: {
								ParameterType(Self) {
								}
								ParameterType(Self) {
								}
							}
						}
					}
				}
				TraitMethod {
					Name: {
						MethodName(-) {
							Kind: 3
							Value: -
						}
					}
					Signature: {
						LambdaType {
							Parameters: {
								ParameterType(Self) {
								}
								ParameterType(Self) {
								}
							}
						}
					}
				}
			}
			Name: Arith
		}
	}
}
