Program(1 statements) {
	Statements: {
		TraitDeclStmt(Show) {
			Methods: {
				TraitMethod {
					Name: {
						MethodName(show) {
							Kind: 0
							Value: show
						}
					}
					Signature: {
						LambdaType {
							Parameters: {
								ParameterType(Self) {
								}
							}
							ReturnType: {
								ReturnType(string) {
									Type: {
										PrimitiveType(string) {
											Name: string
										}
									}
								}
							}
						}
					}
				}
			}
			Name: Show
		}
	}
}
