Program(1 statements) {
	Statements: {
		TraitDeclStmt(Eq) {
			Methods: {
				TraitMethod {
					Name: {
						MethodName(==) {
							Kind: 3
							Value: ==
						}
					}
					Signature: {
						LambdaType {
							Parameters: {
								ParameterType(Self) {
								}
								ParameterType(Self) {
								}
							}
							ReturnType: {
								ReturnType(boolean) {
									Type: {
										PrimitiveType(boolean) {
											Name: boolean
										}
									}
								}
							}
						}
					}
				}
				TraitMethod {
					Name: {
						MethodName(!=) {
							Kind: 3
							Value: !=
						}
					}
					Signature: {
						LambdaType {
							Parameters: {
								ParameterType(Self) {
								}
								ParameterType(Self) {
								}
							}
							ReturnType: {
								ReturnType(boolean) {
									Type: {
										PrimitiveType(boolean) {
											Name: boolean
										}
									}
								}
							}
						}
					}
				}
			}
			Name: Eq
		}
	}
}
