Program(1 statements) {
	Statements: {
		TraitDeclStmt(Bounded) {
			Bounds: {
				Show
				Eq
			}
			GenericParams: {
				t
			}
			Methods: {
				TraitMethod {
					Name: {
						MethodName(id) {
							Kind: 0
							Value: id
						}
					}
					Signature: {
						LambdaType {
							Parameters: {
								ParameterType(t) {
									Type: {
										GenericType(t) {
											Name: t
										}
									}
								}
							}
							ReturnType: {
								ReturnType(t) {
									Type: {
										GenericType(t) {
											Name: t
										}
									}
								}
							}
						}
					}
				}
			}
			Name: Bounded
		}
	}
}
