Program(1 statements) {
	Statements: {
		TraitDeclStmt(Inc) {
			Methods: {
				TraitMethod {
					Name: {
						MethodName(++) {
							Kind: 2
							Value: ++
						}
					}
					Signature: {
						FunctionType((Self) -> Self) {
							ParameterTypes: {
								ParameterType(Self) {
								}
							}
						}
					}
				}
			}
			Name: Inc
		}
	}
}
