Program(1 statements) {
	Statements: {
		{
			TraitDeclStmt(Show) {
				Methods: {
					{
						TraitMethod {
							Name: {
								MethodName(show) {
									Value: show
								}
							}
							Signature: {
								FunctionType((Self) -> string) {
									ParameterTypes: {
										{
											ParameterType(Self) {
											}
										}
									}
									ReturnType: {
										PrimitiveType(string) {
											Name: string
										}
									}
								}
							}
						}
					}
				}
				Name: Show
			}
		}
	}
}
