Program(1 statements) {
	Statements: {
		{
			TraitDeclStmt(Neg) {
				Bounds: {
					{
					}
				}
				GenericParameterConstraints: {
					{
					}
				}
				GenericParams: {
					{
					}
				}
				Methods: {
					{
						TraitMethod {
							Name: {
								MethodName(-) {
									Kind: 1
									Value: -
								}
							}
							Signature: {
								FunctionType((Self) -> Self) {
									ParameterTypes: {
										{
											ParameterType(Self) {
												Type: {
													SelfType(Self) {
														GenericParams: {
															{
															}
														}
													}
												}
											}
										}
									}
									ReturnType: {
										SelfType(Self) {
											GenericParams: {
												{
												}
											}
										}
									}
								}
							}
						}
					}
				}
				Name: Neg
			}
		}
	}
}
