Program(2 statements) {
	Statements: {
		TraitImplStmt {
			Methods: {
				TraitMethodImpl {
					Clause: {
						LambdaClause {
							Body: {
								FunctionCallExpr {
									Arguments: {
										IdentifierExpr(n) {
											Name: n
										}
									}
									Function: {
										IdentifierExpr(int_to_string) {
											Name: int_to_string
										}
									}
								}
							}
						}
					}
					Name: {
						MethodName(show) {
							Kind: 0
							Value: show
						}
					}
				}
			}
			TraitName: Show
			Type: {
				PrimitiveType(int) {
					Name: int
				}
			}
		}
		TraitImplStmt {
			Methods: {
				TraitMethodImpl {
					Clause: {
						LambdaClause {
							Body: {
								IdentifierExpr(s) {
									Name: s
								}
							}
						}
					}
					Name: {
						MethodName(show) {
							Kind: 0
							Value: show
						}
					}
				}
			}
			TraitName: Show
			Type: {
				PrimitiveType(string) {
					Name: string
				}
			}
		}
	}
}
