Program(1 statements) {
	Statements: {
		TraitDeclStmt(PairOps) {
			GenericParams: {
				GenericParam(a) {
					Constraints: {
						Show
						Eq
					}
					Name: a
				}
				GenericParam(b) {
					Constraints: {
						Ord
					}
					Name: b
				}
			}
			Methods: {
				TraitMethod {
					Name: {
						MethodName(first) {
							Kind: 0
							Value: first
						}
					}
					Signature: {
						LambdaType {
							Parameters: {
								ParameterType(a) {
									Type: {
										GenericType(a) {
											Name: a
										}
									}
								}
								ParameterType(b) {
									Type: {
										GenericType(b) {
											Name: b
										}
									}
								}
							}
							ReturnType: {
								ReturnType(a) {
									Type: {
										GenericType(a) {
											Name: a
										}
									}
								}
							}
						}
					}
				}
			}
			Name: PairOps
		}
	}
}
