Program(1 statements) {
	Statements: {
		TraitDeclStmt(Describable) {
			Methods: {
				TraitMethod {
					DefaultMethod: {
						LambdaClause {
							Body: {
								BlockExpr {
									Statements: {
										VarDeclStmt(s) {
											BindingKind: let
											Name: s
											Value: {
												FunctionCallExpr {
													Function: {
														MemberExpr {
															Object: {
																IdentifierExpr(self) {
																	Name: self
																}
															}
															Property: {
																IdentifierExpr(name) {
																	Name: name
																}
															}
														}
													}
												}
											}
										}
										ExpressionStmt {
											Expression: {
												FunctionCallExpr {
													Arguments: {
														StringLiteralExpr {
															Value: Item: 
														}
														IdentifierExpr(s) {
															Name: s
														}
													}
													Function: {
														IdentifierExpr(concat) {
															Name: concat
														}
													}
												}
											}
										}
									}
								}
							}
						}
					}
					Name: {
						MethodName(describe) {
							Kind: 0
							Value: describe
						}
					}
					Signature: {
						LambdaType {
							Parameters: {
								ParameterType(Self) {
								}
							}
							ReturnType: {
								ReturnType(string) {
									Type: {
										PrimitiveType(string) {
											Name: string
										}
									}
								}
							}
						}
					}
				}
			}
			Name: Describable
		}
	}
}
