Program(1 statements) {
	Statements: {
		{
			TraitDeclStmt(PairOps) {
				Bounds: {
					{
					}
				}
				GenericParameterConstraints: {
					{
						TraitGenericParameterConstraint(a) {
							Constraints: {
								{
									Show
									Eq
								}
							}
							Name: a
						}
						TraitGenericParameterConstraint(b) {
							Constraints: {
								{
									Ord
								}
							}
							Name: b
						}
					}
				}
				GenericParams: {
					{
						a
						b
					}
				}
				Methods: {
					{
						TraitMethod {
							Name: {
								MethodName(first) {
									Value: first
								}
							}
							Signature: {
								FunctionType((a, b) -> a) {
									ParameterTypes: {
										{
											ParameterType(a) {
												Type: {
													GenericType(a) {
														Name: a
													}
												}
											}
											ParameterType(b) {
												Type: {
													GenericType(b) {
														Name: b
													}
												}
											}
										}
									}
									ReturnType: {
										GenericType(a) {
											Name: a
										}
									}
								}
							}
						}
					}
				}
				Name: PairOps
			}
		}
	}
}
