Program(1 statements) {
	Statements: {
		TraitDeclStmt(Collection) {
			GenericParams: {
				c
				e
			}
			Methods: {
				TraitMethod {
					Name: {
						MethodName(add) {
							Kind: 0
							Value: add
						}
					}
					Signature: {
						LambdaType((c<e>, e) -> c<e>) {
							Parameters: {
								ParameterType(c<e>) {
									Type: {
										GenericType(c<e>) {
											Name: c<e>
										}
									}
								}
								ParameterType(e) {
									Type: {
										GenericType(e) {
											Name: e
										}
									}
								}
							}
							ReturnType: {
								ReturnType(c<e>) {
									Type: {
										GenericType(c<e>) {
											Name: c<e>
										}
									}
								}
							}
						}
					}
				}
				TraitMethod {
					Name: {
						MethodName(remove) {
							Kind: 0
							Value: remove
						}
					}
					Signature: {
						LambdaType((c<e>, e) -> c<e>) {
							Parameters: {
								ParameterType(c<e>) {
									Type: {
										GenericType(c<e>) {
											Name: c<e>
										}
									}
								}
								ParameterType(e) {
									Type: {
										GenericType(e) {
											Name: e
										}
									}
								}
							}
							ReturnType: {
								ReturnType(c<e>) {
									Type: {
										GenericType(c<e>) {
											Name: c<e>
										}
									}
								}
							}
						}
					}
				}
				TraitMethod {
					Name: {
						MethodName(contains) {
							Kind: 0
							Value: contains
						}
					}
					Signature: {
						LambdaType((c<e>, e) -> bool) {
							Parameters: {
								ParameterType(c<e>) {
									Type: {
										GenericType(c<e>) {
											Name: c<e>
										}
									}
								}
								ParameterType(e) {
									Type: {
										GenericType(e) {
											Name: e
										}
									}
								}
							}
							ReturnType: {
								ReturnType(bool) {
									Type: {
										PrimitiveType(bool) {
											Name: bool
										}
									}
								}
							}
						}
					}
				}
				TraitMethod {
					Name: {
						MethodName(size) {
							Kind: 0
							Value: size
						}
					}
					Signature: {
						LambdaType((c<e>) -> int) {
							Parameters: {
								ParameterType(c<e>) {
									Type: {
										GenericType(c<e>) {
											Name: c<e>
										}
									}
								}
							}
							ReturnType: {
								ReturnType(int) {
									Type: {
										PrimitiveType(int) {
											Name: int
										}
									}
								}
							}
						}
					}
				}
			}
			Name: Collection
		}
	}
}
