Program(1 statements) {
	Statements: {
		TraitDeclStmt(PairOps) {
			GenericParams: {
				a
				b
			}
			Methods: {
				TraitMethod {
					Name: {
						MethodName(first) {
							Kind: 0
							Value: first
						}
					}
					Signature: {
						LambdaType((a, b) -> a) {
							Parameters: {
								ParameterType(a) {
									Type: {
										GenericType(a) {
											Name: a
										}
									}
								}
								ParameterType(b) {
									Type: {
										GenericType(b) {
											Name: b
										}
									}
								}
							}
							ReturnType: {
								ReturnType(a) {
									Type: {
										GenericType(a) {
											Name: a
										}
									}
								}
							}
						}
					}
				}
			}
			Name: PairOps
		}
	}
}
