Program(1 statements) {
	Statements: {
		TraitDeclStmt(Functor) {
			Methods: {
				TraitMethod {
					Name: {
						MethodName(map) {
							Kind: 0
							Value: map
						}
					}
					Signature: {
						LambdaType {
							Parameters: {
								ParameterType(Self) {
									Type: {
										SelfType(Self) {
											GenericParams: {
												a
											}
										}
									}
								}
								ParameterType((a) -> b) {
									Type: {
										LambdaType {
											Parameters: {
												ParameterType(a) {
													Type: {
														GenericType(a) {
															Name: a
														}
													}
												}
											}
											ReturnType: {
												ReturnType(b) {
													Type: {
														GenericType(b) {
															Name: b
														}
													}
												}
											}
										}
									}
								}
							}
							ReturnType: {
								ReturnType(Self) {
									Type: {
										SelfType(Self) {
											GenericParams: {
												b
											}
										}
									}
								}
							}
						}
					}
				}
			}
			Name: Functor
		}
	}
}
