Program(1 statements) {
	Statements: {
		{
			TraitDeclStmt(Eq) {
				Bounds: {
					{
					}
				}
				GenericParameterConstraints: {
					{
					}
				}
				GenericParams: {
					{
					}
				}
				Methods: {
					{
						TraitMethod {
							Name: {
								MethodName(==) {
									Kind: 3
									Value: ==
								}
							}
							Signature: {
								FunctionType((Self, Self) -> bool) {
									ParameterTypes: {
										{
											ParameterType(Self) {
												Type: {
													SelfType(Self) {
														GenericParams: {
															{
															}
														}
													}
												}
											}
											ParameterType(Self) {
												Type: {
													SelfType(Self) {
														GenericParams: {
															{
															}
														}
													}
												}
											}
										}
									}
									ReturnType: {
										PrimitiveType(bool) {
											Name: bool
										}
									}
								}
							}
						}
						TraitMethod {
							Name: {
								MethodName(!=) {
									Kind: 3
									Value: !=
								}
							}
							Signature: {
								FunctionType((Self, Self) -> bool) {
									ParameterTypes: {
										{
											ParameterType(Self) {
												Type: {
													SelfType(Self) {
														GenericParams: {
															{
															}
														}
													}
												}
											}
											ParameterType(Self) {
												Type: {
													SelfType(Self) {
														GenericParams: {
															{
															}
														}
													}
												}
											}
										}
									}
									ReturnType: {
										PrimitiveType(bool) {
											Name: bool
										}
									}
								}
							}
						}
					}
				}
				Name: Eq
			}
		}
	}
}
