Program(1 statements) {
	Statements: {
		TypeDeclStmt(Pair) {
			GenericParams: {
				GenericParam(a) {
					Constraints: {
						Numeric
					}
					Name: a
				}
				GenericParam(b) {
					Constraints: {
						Ordered
					}
					Name: b
				}
			}
			Name: Pair
			Type: {
				TupleType(Pair) {
					Elements: {
						GenericType(a) {
							Name: a
						}
						GenericType(b) {
							Name: b
						}
					}
					Name: Pair
				}
			}
		}
	}
}
