Program(1 statements) {
	Statements: {
		TypeDeclStmt(Point2D) {
			Allocation: stack
			IsPublic: true
			Name: Point2D
			Type: {
				TupleType(Point2D) {
					Elements: {
						PrimitiveType(f64) {
							Name: f64
						}
						PrimitiveType(f64) {
							Name: f64
						}
					}
					Name: Point2D
				}
			}
		}
	}
}
