Program(1 statements) {
	Statements: {
		TypeDeclStmt(Point2D) {
			GenericParams: {
				GenericParam(t) {
					Name: t
				}
			}
			Name: Point2D
			Type: {
				TupleType(Point2D) {
					Elements: {
						GenericType(t) {
							Name: t
						}
						GenericType(t) {
							Name: t
						}
					}
					Name: Point2D
				}
			}
		}
	}
}
