Program(1 statements) {
	Statements: {
		{
			TypeDeclStmt(RGBA) {
				Name: RGBA
				Type: {
					TupleType(RGBA) {
						Elements: {
							{
								TupleType(?) {
									Elements: {
										{
											PrimitiveType(int) {
												Name: int
											}
											PrimitiveType(int) {
												Name: int
											}
											PrimitiveType(int) {
												Name: int
											}
										}
									}
									Name: ?
								}
								PrimitiveType(float) {
									Name: float
								}
							}
						}
						Name: RGBA
					}
				}
			}
		}
	}
}
