Program(1 statements) {
	Statements: {
		TypeDeclStmt(Point2D) {
			IsPublic: true
			Name: Point2D
			Type: {
				TupleType(Point2D) {
					Elements: {
						PrimitiveType(float) {
							Name: float
						}
						PrimitiveType(float) {
							Name: float
						}
					}
					Name: Point2D
				}
			}
		}
	}
}
