Program(1 statements) {
	Statements: {
		{
			VarDeclStmt(the_answer) {
				Keyword: let
				Name: the_answer
				Type: {
					TupleType(?) {
						Elements: {
							{
								PrimitiveType(int) {
									Name: int
								}
								PrimitiveType(int) {
									Name: int
								}
							}
						}
						Name: ?
					}
				}
				Value: {
					TupleLiteralExpr(?) {
						Elements: {
							{
								IntegerLiteralExpr {
									Base: 10
									Value: 42
								}
								IntegerLiteralExpr {
									Base: 10
									Value: 13
								}
							}
						}
						Name: ?
					}
				}
			}
		}
	}
}
