Program(1 statements) {
	Statements: {
		VarDeclStmt(the_answer) {
			BindingKind: let
			Name: the_answer
			Type: {
				TupleType(?) {
					Elements: {
						PrimitiveType(i64) {
							Name: i64
						}
						PrimitiveType(i64) {
							Name: i64
						}
					}
					Name: ?
				}
			}
			Value: {
				TupleLiteralExpr(?) {
					Elements: {
						IntegerLiteralExpr {
							Base: 10
							Value: 42
						}
						IntegerLiteralExpr {
							Base: 10
							Value: 13
						}
					}
					Name: ?
				}
			}
		}
	}
}
