Program(1 statements) {
	Statements: {
		WithStmt {
			Arena: {
				FunctionCallExpr {
					Arguments: {
						FunctionCallExpr {
							Arguments: {
								IntegerLiteralExpr {
									Base: 10
									Value: 4
								}
							}
							Function: {
								IdentifierExpr(megabytes) {
									Name: megabytes
								}
							}
						}
					}
					Function: {
						MemberExpr {
							Object: {
								DataConstructorExpr {
									Constructor: Arena
								}
							}
							Property: {
								IdentifierExpr(new) {
									Name: new
								}
							}
						}
					}
				}
			}
			Body: {
				BlockExpr {
					Statements: {
						VarDeclStmt(x) {
							BindingKind: let
							Name: x
							Value: {
								FunctionCallExpr {
									Arguments: {
										IntegerLiteralExpr {
											Base: 10
											Value: 42
										}
									}
									Function: {
										IdentifierExpr(alloc) {
											Name: alloc
										}
									}
								}
							}
						}
					}
				}
			}
		}
	}
}
